This is pdfTeX, Version 3.141592653-2.6-1.40.27 (TeX Live 2025) (preloaded format=pdflatex 2025.3.8)  29 JUL 2026 03:00
entering extended mode
 restricted \write18 enabled.
 file:line:error style messages enabled.
 %&-line parsing enabled.
**"/Users/sophiaaristizabal/Desktop/1 economia/thesis_economics/doc/primera_version.tex"
(/Users/sophiaaristizabal/Desktop/1 economia/thesis_economics/doc/primera_version.tex
LaTeX2e <2024-11-01> patch level 2
L3 programming layer <2025-01-18>
(/usr/local/texlive/2025/texmf-dist/tex/latex/base/article.cls
Document Class: article 2024/06/29 v1.4n Standard LaTeX document class
(/usr/local/texlive/2025/texmf-dist/tex/latex/base/size12.clo
File: size12.clo 2024/06/29 v1.4n Standard LaTeX file (size option)
)
\c@part=\count196
\c@section=\count197
\c@subsection=\count198
\c@subsubsection=\count199
\c@paragraph=\count266
\c@subparagraph=\count267
\c@figure=\count268
\c@table=\count269
\abovecaptionskip=\skip49
\belowcaptionskip=\skip50
\bibindent=\dimen141
) (/usr/local/texlive/2025/texmf-dist/tex/latex/graphics/graphicx.sty
Package: graphicx 2021/09/16 v1.2d Enhanced LaTeX Graphics (DPC,SPQR)
 (/usr/local/texlive/2025/texmf-dist/tex/latex/graphics/keyval.sty
Package: keyval 2022/05/29 v1.15 key=value parser (DPC)
\KV@toks@=\toks17
) (/usr/local/texlive/2025/texmf-dist/tex/latex/graphics/graphics.sty
Package: graphics 2024/08/06 v1.4g Standard LaTeX Graphics (DPC,SPQR)
 (/usr/local/texlive/2025/texmf-dist/tex/latex/graphics/trig.sty
Package: trig 2023/12/02 v1.11 sin cos tan (DPC)
) (/usr/local/texlive/2025/texmf-dist/tex/latex/graphics-cfg/graphics.cfg
File: graphics.cfg 2016/06/04 v1.11 sample graphics configuration
)
Package graphics Info: Driver file: pdftex.def on input line 106.
 (/usr/local/texlive/2025/texmf-dist/tex/latex/graphics-def/pdftex.def
File: pdftex.def 2024/04/13 v1.2c Graphics/color driver for pdftex
))
\Gin@req@height=\dimen142
\Gin@req@width=\dimen143
) (/usr/local/texlive/2025/texmf-dist/tex/latex/float/float.sty
Package: float 2001/11/08 v1.3d Float enhancements (AL)
\c@float@type=\count270
\float@exts=\toks18
\float@box=\box52
\@float@everytoks=\toks19
\@floatcapt=\box53
) (/usr/local/texlive/2025/texmf-dist/tex/latex/booktabs/booktabs.sty
Package: booktabs 2020/01/12 v1.61803398 Publication quality tables
\heavyrulewidth=\dimen144
\lightrulewidth=\dimen145
\cmidrulewidth=\dimen146
\belowrulesep=\dimen147
\belowbottomsep=\dimen148
\aboverulesep=\dimen149
\abovetopsep=\dimen150
\cmidrulesep=\dimen151
\cmidrulekern=\dimen152
\defaultaddspace=\dimen153
\@cmidla=\count271
\@cmidlb=\count272
\@aboverulesep=\dimen154
\@belowrulesep=\dimen155
\@thisruleclass=\count273
\@lastruleclass=\count274
\@thisrulewidth=\dimen156
) (/usr/local/texlive/2025/texmf-dist/tex/latex/caption/caption.sty
Package: caption 2023/08/05 v3.6o Customizing captions (AR)
 (/usr/local/texlive/2025/texmf-dist/tex/latex/caption/caption3.sty
Package: caption3 2023/07/31 v2.4d caption3 kernel (AR)
\caption@tempdima=\dimen157
\captionmargin=\dimen158
\caption@leftmargin=\dimen159
\caption@rightmargin=\dimen160
\caption@width=\dimen161
\caption@indent=\dimen162
\caption@parindent=\dimen163
\caption@hangindent=\dimen164
Package caption Info: Standard document class detected.
)
\c@caption@flags=\count275
\c@continuedfloat=\count276
Package caption Info: float package is loaded.
) (/usr/local/texlive/2025/texmf-dist/tex/latex/adjustbox/adjustbox.sty
Package: adjustbox 2025/02/26 v1.3c Adjusting TeX boxes (trim, clip, ...)
 (/usr/local/texlive/2025/texmf-dist/tex/latex/xkeyval/xkeyval.sty
Package: xkeyval 2022/06/16 v2.9 package option processing (HA)
 (/usr/local/texlive/2025/texmf-dist/tex/generic/xkeyval/xkeyval.tex (/usr/local/texlive/2025/texmf-dist/tex/generic/xkeyval/xkvutils.tex
\XKV@toks=\toks20
\XKV@tempa@toks=\toks21
)
\XKV@depth=\count277
File: xkeyval.tex 2014/12/03 v2.7a key=value parser (HA)
)) (/usr/local/texlive/2025/texmf-dist/tex/latex/adjustbox/adjcalc.sty
Package: adjcalc 2012/05/16 v1.1 Provides advanced setlength with multiple back-ends (calc, etex, pgfmath)
) (/usr/local/texlive/2025/texmf-dist/tex/latex/adjustbox/trimclip.sty
Package: trimclip 2025/02/21 v1.2a Trim and clip general TeX material
 (/usr/local/texlive/2025/texmf-dist/tex/latex/collectbox/collectbox.sty
Package: collectbox 2022/10/17 v0.4c Collect macro arguments as boxes
\collectedbox=\box54
)
\tc@llx=\dimen165
\tc@lly=\dimen166
\tc@urx=\dimen167
\tc@ury=\dimen168
Package trimclip Info: Using driver 'tc-pdftex.def'.
 (/usr/local/texlive/2025/texmf-dist/tex/latex/adjustbox/tc-pdftex.def
File: tc-pdftex.def 2025/02/26 v2.3 Clipping driver for pdftex
))
\adjbox@Width=\dimen169
\adjbox@Height=\dimen170
\adjbox@Depth=\dimen171
\adjbox@Totalheight=\dimen172
\adjbox@pwidth=\dimen173
\adjbox@pheight=\dimen174
\adjbox@pdepth=\dimen175
\adjbox@ptotalheight=\dimen176
 (/usr/local/texlive/2025/texmf-dist/tex/latex/ifoddpage/ifoddpage.sty
Package: ifoddpage 2022/10/18 v1.2 Conditionals for odd/even page detection
\c@checkoddpage=\count278
) (/usr/local/texlive/2025/texmf-dist/tex/latex/varwidth/varwidth.sty
Package: varwidth 2009/03/30 ver 0.92;  Variable-width minipages
\@vwid@box=\box55
\sift@deathcycles=\count279
\@vwid@loff=\dimen177
\@vwid@roff=\dimen178
)) (/usr/local/texlive/2025/texmf-dist/tex/latex/tools/tabularx.sty
Package: tabularx 2023/12/11 v2.12a `tabularx' package (DPC)
 (/usr/local/texlive/2025/texmf-dist/tex/latex/tools/array.sty
Package: array 2024/10/17 v2.6g Tabular extension package (FMi)
\col@sep=\dimen179
\ar@mcellbox=\box56
\extrarowheight=\dimen180
\NC@list=\toks22
\extratabsurround=\skip51
\backup@length=\skip52
\ar@cellbox=\box57
)
\TX@col@width=\dimen181
\TX@old@table=\dimen182
\TX@old@col=\dimen183
\TX@target=\dimen184
\TX@delta=\dimen185
\TX@cols=\count280
\TX@ftn=\toks23
) (/usr/local/texlive/2025/texmf-dist/tex/latex/base/inputenc.sty
Package: inputenc 2024/02/08 v1.3d Input encoding file
\inpenc@prehook=\toks24
\inpenc@posthook=\toks25
) (/usr/local/texlive/2025/texmf-dist/tex/latex/base/fontenc.sty
Package: fontenc 2021/04/29 v2.0v Standard LaTeX package
) (/usr/local/texlive/2025/texmf-dist/tex/latex/geometry/geometry.sty
Package: geometry 2020/01/02 v5.9 Page Geometry
 (/usr/local/texlive/2025/texmf-dist/tex/generic/iftex/ifvtex.sty
Package: ifvtex 2019/10/25 v1.7 ifvtex legacy package. Use iftex instead.
 (/usr/local/texlive/2025/texmf-dist/tex/generic/iftex/iftex.sty
Package: iftex 2024/12/12 v1.0g TeX engine tests
))
\Gm@cnth=\count281
\Gm@cntv=\count282
\c@Gm@tempcnt=\count283
\Gm@bindingoffset=\dimen186
\Gm@wd@mp=\dimen187
\Gm@odd@mp=\dimen188
\Gm@even@mp=\dimen189
\Gm@layoutwidth=\dimen190
\Gm@layoutheight=\dimen191
\Gm@layouthoffset=\dimen192
\Gm@layoutvoffset=\dimen193
\Gm@dimlist=\toks26
) (/usr/local/texlive/2025/texmf-dist/tex/latex/caption/subcaption.sty
Package: subcaption 2023/07/28 v1.6b Sub-captions (AR)
Package caption Info: New subtype `subfigure' on input line 238.
\c@subfigure=\count284
Package caption Info: New subtype `subtable' on input line 238.
\c@subtable=\count285
) (/usr/local/texlive/2025/texmf-dist/tex/latex/url/url.sty
\Urlmuskip=\muskip17
Package: url 2013/09/16  ver 3.4  Verb mode for urls, etc.
) (/usr/local/texlive/2025/texmf-dist/tex/latex/tcolorbox/tcolorbox.sty
Package: tcolorbox 2024/10/22 version 6.4.1 text color boxes
 (/usr/local/texlive/2025/texmf-dist/tex/latex/pgf/frontendlayer/tikz.sty (/usr/local/texlive/2025/texmf-dist/tex/latex/pgf/basiclayer/pgf.sty (/usr/local/texlive/2025/texmf-dist/tex/latex/pgf/utilities/pgfrcs.sty (/usr/local/texlive/2025/texmf-dist/tex/generic/pgf/utilities/pgfutil-common.tex
\pgfutil@everybye=\toks27
\pgfutil@tempdima=\dimen194
\pgfutil@tempdimb=\dimen195
) (/usr/local/texlive/2025/texmf-dist/tex/generic/pgf/utilities/pgfutil-latex.def
\pgfutil@abb=\box58
) (/usr/local/texlive/2025/texmf-dist/tex/generic/pgf/utilities/pgfrcs.code.tex (/usr/local/texlive/2025/texmf-dist/tex/generic/pgf/pgf.revision.tex)
Package: pgfrcs 2023-01-15 v3.1.10 (3.1.10)
))
Package: pgf 2023-01-15 v3.1.10 (3.1.10)
 (/usr/local/texlive/2025/texmf-dist/tex/latex/pgf/basiclayer/pgfcore.sty (/usr/local/texlive/2025/texmf-dist/tex/latex/pgf/systemlayer/pgfsys.sty (/usr/local/texlive/2025/texmf-dist/tex/generic/pgf/systemlayer/pgfsys.code.tex
Package: pgfsys 2023-01-15 v3.1.10 (3.1.10)
 (/usr/local/texlive/2025/texmf-dist/tex/generic/pgf/utilities/pgfkeys.code.tex
\pgfkeys@pathtoks=\toks28
\pgfkeys@temptoks=\toks29
 (/usr/local/texlive/2025/texmf-dist/tex/generic/pgf/utilities/pgfkeyslibraryfiltered.code.tex
\pgfkeys@tmptoks=\toks30
))
\pgf@x=\dimen196
\pgf@y=\dimen197
\pgf@xa=\dimen198
\pgf@ya=\dimen199
\pgf@xb=\dimen256
\pgf@yb=\dimen257
\pgf@xc=\dimen258
\pgf@yc=\dimen259
\pgf@xd=\dimen260
\pgf@yd=\dimen261
\w@pgf@writea=\write3
\r@pgf@reada=\read2
\c@pgf@counta=\count286
\c@pgf@countb=\count287
\c@pgf@countc=\count288
\c@pgf@countd=\count289
\t@pgf@toka=\toks31
\t@pgf@tokb=\toks32
\t@pgf@tokc=\toks33
\pgf@sys@id@count=\count290
 (/usr/local/texlive/2025/texmf-dist/tex/generic/pgf/systemlayer/pgf.cfg
File: pgf.cfg 2023-01-15 v3.1.10 (3.1.10)
)
Driver file for pgf: pgfsys-pdftex.def
 (/usr/local/texlive/2025/texmf-dist/tex/generic/pgf/systemlayer/pgfsys-pdftex.def
File: pgfsys-pdftex.def 2023-01-15 v3.1.10 (3.1.10)
 (/usr/local/texlive/2025/texmf-dist/tex/generic/pgf/systemlayer/pgfsys-common-pdf.def
File: pgfsys-common-pdf.def 2023-01-15 v3.1.10 (3.1.10)
))) (/usr/local/texlive/2025/texmf-dist/tex/generic/pgf/systemlayer/pgfsyssoftpath.code.tex
File: pgfsyssoftpath.code.tex 2023-01-15 v3.1.10 (3.1.10)
\pgfsyssoftpath@smallbuffer@items=\count291
\pgfsyssoftpath@bigbuffer@items=\count292
) (/usr/local/texlive/2025/texmf-dist/tex/generic/pgf/systemlayer/pgfsysprotocol.code.tex
File: pgfsysprotocol.code.tex 2023-01-15 v3.1.10 (3.1.10)
)) (/usr/local/texlive/2025/texmf-dist/tex/latex/xcolor/xcolor.sty
Package: xcolor 2024/09/29 v3.02 LaTeX color extensions (UK)
 (/usr/local/texlive/2025/texmf-dist/tex/latex/graphics-cfg/color.cfg
File: color.cfg 2016/01/02 v1.6 sample color configuration
)
Package xcolor Info: Driver file: pdftex.def on input line 274.
 (/usr/local/texlive/2025/texmf-dist/tex/latex/graphics/mathcolor.ltx)
Package xcolor Info: Model `cmy' substituted by `cmy0' on input line 1349.
Package xcolor Info: Model `hsb' substituted by `rgb' on input line 1353.
Package xcolor Info: Model `RGB' extended on input line 1365.
Package xcolor Info: Model `HTML' substituted by `rgb' on input line 1367.
Package xcolor Info: Model `Hsb' substituted by `hsb' on input line 1368.
Package xcolor Info: Model `tHsb' substituted by `hsb' on input line 1369.
Package xcolor Info: Model `HSB' substituted by `hsb' on input line 1370.
Package xcolor Info: Model `Gray' substituted by `gray' on input line 1371.
Package xcolor Info: Model `wave' substituted by `hsb' on input line 1372.
) (/usr/local/texlive/2025/texmf-dist/tex/generic/pgf/basiclayer/pgfcore.code.tex
Package: pgfcore 2023-01-15 v3.1.10 (3.1.10)
 (/usr/local/texlive/2025/texmf-dist/tex/generic/pgf/math/pgfmath.code.tex (/usr/local/texlive/2025/texmf-dist/tex/generic/pgf/math/pgfmathutil.code.tex) (/usr/local/texlive/2025/texmf-dist/tex/generic/pgf/math/pgfmathparser.code.tex
\pgfmath@dimen=\dimen262
\pgfmath@count=\count293
\pgfmath@box=\box59
\pgfmath@toks=\toks34
\pgfmath@stack@operand=\toks35
\pgfmath@stack@operation=\toks36
) (/usr/local/texlive/2025/texmf-dist/tex/generic/pgf/math/pgfmathfunctions.code.tex) (/usr/local/texlive/2025/texmf-dist/tex/generic/pgf/math/pgfmathfunctions.basic.code.tex) (/usr/local/texlive/2025/texmf-dist/tex/generic/pgf/math/pgfmathfunctions.trigonometric.code.tex) (/usr/local/texlive/2025/texmf-dist/tex/generic/pgf/math/pgfmathfunctions.random.code.tex) (/usr/local/texlive/2025/texmf-dist/tex/generic/pgf/math/pgfmathfunctions.comparison.code.tex) (/usr/local/texlive/2025/texmf-dist/tex/generic/pgf/math/pgfmathfunctions.base.code.tex) (/usr/local/texlive/2025/texmf-dist/tex/generic/pgf/math/pgfmathfunctions.round.code.tex) (/usr/local/texlive/2025/texmf-dist/tex/generic/pgf/math/pgfmathfunctions.misc.code.tex) (/usr/local/texlive/2025/texmf-dist/tex/generic/pgf/math/pgfmathfunctions.integerarithmetics.code.tex) (/usr/local/texlive/2025/texmf-dist/tex/generic/pgf/math/pgfmathcalc.code.tex) (/usr/local/texlive/2025/texmf-dist/tex/generic/pgf/math/pgfmathfloat.code.tex
\c@pgfmathroundto@lastzeros=\count294
)) (/usr/local/texlive/2025/texmf-dist/tex/generic/pgf/math/pgfint.code.tex) (/usr/local/texlive/2025/texmf-dist/tex/generic/pgf/basiclayer/pgfcorepoints.code.tex
File: pgfcorepoints.code.tex 2023-01-15 v3.1.10 (3.1.10)
\pgf@picminx=\dimen263
\pgf@picmaxx=\dimen264
\pgf@picminy=\dimen265
\pgf@picmaxy=\dimen266
\pgf@pathminx=\dimen267
\pgf@pathmaxx=\dimen268
\pgf@pathminy=\dimen269
\pgf@pathmaxy=\dimen270
\pgf@xx=\dimen271
\pgf@xy=\dimen272
\pgf@yx=\dimen273
\pgf@yy=\dimen274
\pgf@zx=\dimen275
\pgf@zy=\dimen276
) (/usr/local/texlive/2025/texmf-dist/tex/generic/pgf/basiclayer/pgfcorepathconstruct.code.tex
File: pgfcorepathconstruct.code.tex 2023-01-15 v3.1.10 (3.1.10)
\pgf@path@lastx=\dimen277
\pgf@path@lasty=\dimen278
) (/usr/local/texlive/2025/texmf-dist/tex/generic/pgf/basiclayer/pgfcorepathusage.code.tex
File: pgfcorepathusage.code.tex 2023-01-15 v3.1.10 (3.1.10)
\pgf@shorten@end@additional=\dimen279
\pgf@shorten@start@additional=\dimen280
) (/usr/local/texlive/2025/texmf-dist/tex/generic/pgf/basiclayer/pgfcorescopes.code.tex
File: pgfcorescopes.code.tex 2023-01-15 v3.1.10 (3.1.10)
\pgfpic=\box60
\pgf@hbox=\box61
\pgf@layerbox@main=\box62
\pgf@picture@serial@count=\count295
) (/usr/local/texlive/2025/texmf-dist/tex/generic/pgf/basiclayer/pgfcoregraphicstate.code.tex
File: pgfcoregraphicstate.code.tex 2023-01-15 v3.1.10 (3.1.10)
\pgflinewidth=\dimen281
) (/usr/local/texlive/2025/texmf-dist/tex/generic/pgf/basiclayer/pgfcoretransformations.code.tex
File: pgfcoretransformations.code.tex 2023-01-15 v3.1.10 (3.1.10)
\pgf@pt@x=\dimen282
\pgf@pt@y=\dimen283
\pgf@pt@temp=\dimen284
) (/usr/local/texlive/2025/texmf-dist/tex/generic/pgf/basiclayer/pgfcorequick.code.tex
File: pgfcorequick.code.tex 2023-01-15 v3.1.10 (3.1.10)
) (/usr/local/texlive/2025/texmf-dist/tex/generic/pgf/basiclayer/pgfcoreobjects.code.tex
File: pgfcoreobjects.code.tex 2023-01-15 v3.1.10 (3.1.10)
) (/usr/local/texlive/2025/texmf-dist/tex/generic/pgf/basiclayer/pgfcorepathprocessing.code.tex
File: pgfcorepathprocessing.code.tex 2023-01-15 v3.1.10 (3.1.10)
) (/usr/local/texlive/2025/texmf-dist/tex/generic/pgf/basiclayer/pgfcorearrows.code.tex
File: pgfcorearrows.code.tex 2023-01-15 v3.1.10 (3.1.10)
\pgfarrowsep=\dimen285
) (/usr/local/texlive/2025/texmf-dist/tex/generic/pgf/basiclayer/pgfcoreshade.code.tex
File: pgfcoreshade.code.tex 2023-01-15 v3.1.10 (3.1.10)
\pgf@max=\dimen286
\pgf@sys@shading@range@num=\count296
\pgf@shadingcount=\count297
) (/usr/local/texlive/2025/texmf-dist/tex/generic/pgf/basiclayer/pgfcoreimage.code.tex
File: pgfcoreimage.code.tex 2023-01-15 v3.1.10 (3.1.10)
) (/usr/local/texlive/2025/texmf-dist/tex/generic/pgf/basiclayer/pgfcoreexternal.code.tex
File: pgfcoreexternal.code.tex 2023-01-15 v3.1.10 (3.1.10)
\pgfexternal@startupbox=\box63
) (/usr/local/texlive/2025/texmf-dist/tex/generic/pgf/basiclayer/pgfcorelayers.code.tex
File: pgfcorelayers.code.tex 2023-01-15 v3.1.10 (3.1.10)
) (/usr/local/texlive/2025/texmf-dist/tex/generic/pgf/basiclayer/pgfcoretransparency.code.tex
File: pgfcoretransparency.code.tex 2023-01-15 v3.1.10 (3.1.10)
) (/usr/local/texlive/2025/texmf-dist/tex/generic/pgf/basiclayer/pgfcorepatterns.code.tex
File: pgfcorepatterns.code.tex 2023-01-15 v3.1.10 (3.1.10)
) (/usr/local/texlive/2025/texmf-dist/tex/generic/pgf/basiclayer/pgfcorerdf.code.tex
File: pgfcorerdf.code.tex 2023-01-15 v3.1.10 (3.1.10)
))) (/usr/local/texlive/2025/texmf-dist/tex/generic/pgf/modules/pgfmoduleshapes.code.tex
File: pgfmoduleshapes.code.tex 2023-01-15 v3.1.10 (3.1.10)
\pgfnodeparttextbox=\box64
) (/usr/local/texlive/2025/texmf-dist/tex/generic/pgf/modules/pgfmoduleplot.code.tex
File: pgfmoduleplot.code.tex 2023-01-15 v3.1.10 (3.1.10)
) (/usr/local/texlive/2025/texmf-dist/tex/latex/pgf/compatibility/pgfcomp-version-0-65.sty
Package: pgfcomp-version-0-65 2023-01-15 v3.1.10 (3.1.10)
\pgf@nodesepstart=\dimen287
\pgf@nodesepend=\dimen288
) (/usr/local/texlive/2025/texmf-dist/tex/latex/pgf/compatibility/pgfcomp-version-1-18.sty
Package: pgfcomp-version-1-18 2023-01-15 v3.1.10 (3.1.10)
)) (/usr/local/texlive/2025/texmf-dist/tex/latex/pgf/utilities/pgffor.sty (/usr/local/texlive/2025/texmf-dist/tex/latex/pgf/utilities/pgfkeys.sty (/usr/local/texlive/2025/texmf-dist/tex/generic/pgf/utilities/pgfkeys.code.tex)) (/usr/local/texlive/2025/texmf-dist/tex/latex/pgf/math/pgfmath.sty (/usr/local/texlive/2025/texmf-dist/tex/generic/pgf/math/pgfmath.code.tex)) (/usr/local/texlive/2025/texmf-dist/tex/generic/pgf/utilities/pgffor.code.tex
Package: pgffor 2023-01-15 v3.1.10 (3.1.10)
\pgffor@iter=\dimen289
\pgffor@skip=\dimen290
\pgffor@stack=\toks37
\pgffor@toks=\toks38
)) (/usr/local/texlive/2025/texmf-dist/tex/generic/pgf/frontendlayer/tikz/tikz.code.tex
Package: tikz 2023-01-15 v3.1.10 (3.1.10)
 (/usr/local/texlive/2025/texmf-dist/tex/generic/pgf/libraries/pgflibraryplothandlers.code.tex
File: pgflibraryplothandlers.code.tex 2023-01-15 v3.1.10 (3.1.10)
\pgf@plot@mark@count=\count298
\pgfplotmarksize=\dimen291
)
\tikz@lastx=\dimen292
\tikz@lasty=\dimen293
\tikz@lastxsaved=\dimen294
\tikz@lastysaved=\dimen295
\tikz@lastmovetox=\dimen296
\tikz@lastmovetoy=\dimen297
\tikzleveldistance=\dimen298
\tikzsiblingdistance=\dimen299
\tikz@figbox=\box65
\tikz@figbox@bg=\box66
\tikz@tempbox=\box67
\tikz@tempbox@bg=\box68
\tikztreelevel=\count299
\tikznumberofchildren=\count300
\tikznumberofcurrentchild=\count301
\tikz@fig@count=\count302
 (/usr/local/texlive/2025/texmf-dist/tex/generic/pgf/modules/pgfmodulematrix.code.tex
File: pgfmodulematrix.code.tex 2023-01-15 v3.1.10 (3.1.10)
\pgfmatrixcurrentrow=\count303
\pgfmatrixcurrentcolumn=\count304
\pgf@matrix@numberofcolumns=\count305
)
\tikz@expandcount=\count306
 (/usr/local/texlive/2025/texmf-dist/tex/generic/pgf/frontendlayer/tikz/libraries/tikzlibrarytopaths.code.tex
File: tikzlibrarytopaths.code.tex 2023-01-15 v3.1.10 (3.1.10)
))) (/usr/local/texlive/2025/texmf-dist/tex/latex/tools/verbatim.sty
Package: verbatim 2024-01-22 v1.5x LaTeX2e package for verbatim enhancements
\every@verbatim=\toks39
\verbatim@line=\toks40
\verbatim@in@stream=\read3
) (/usr/local/texlive/2025/texmf-dist/tex/latex/environ/environ.sty
Package: environ 2014/05/04 v0.3 A new way to define environments
 (/usr/local/texlive/2025/texmf-dist/tex/latex/trimspaces/trimspaces.sty
Package: trimspaces 2009/09/17 v1.1 Trim spaces around a token list
)
\@envbody=\toks41
) (/usr/local/texlive/2025/texmf-dist/tex/latex/etoolbox/etoolbox.sty
Package: etoolbox 2025/02/11 v2.5l e-TeX tools for LaTeX (JAW)
\etb@tempcnta=\count307
)
\tcb@titlebox=\box69
\tcb@upperbox=\box70
\tcb@lowerbox=\box71
\tcb@phantombox=\box72
\c@tcbbreakpart=\count308
\c@tcblayer=\count309
\c@tcolorbox@number=\count310
\l__tcobox_tmpa_box=\box73
\l__tcobox_tmpa_dim=\dimen300
\tcb@temp=\box74
\tcb@temp=\box75
\tcb@temp=\box76
\tcb@temp=\box77
 (/usr/local/texlive/2025/texmf-dist/tex/latex/tcolorbox/tcbraster.code.tex
Library (tcolorbox): 'tcbraster.code.tex' version '6.4.1'
\c@tcbrastercolumn=\count311
\c@tcbrasterrow=\count312
\c@tcbrasternum=\count313
\c@tcbraster=\count314
) (/usr/local/texlive/2025/texmf-dist/tex/latex/tcolorbox/tcbskins.code.tex
Library (tcolorbox): 'tcbskins.code.tex' version '6.4.1'
(/usr/local/texlive/2025/texmf-dist/tex/latex/tikzfill/tikzfill.image.sty
Package: tikzfill.image 2023/08/08 v1.0.1 Image filling library for TikZ
 (/usr/local/texlive/2025/texmf-dist/tex/latex/tikzfill/tikzfill-common.sty
Package: tikzfill-common 2023/08/08 v1.0.1 Auxiliary code for tikzfill
) (/usr/local/texlive/2025/texmf-dist/tex/latex/tikzfill/tikzlibraryfill.image.code.tex
File: tikzlibraryfill.image.code.tex 2023/08/08 v1.0.1 Image filling library
\l__tikzfill_img_box=\box78
)) (/usr/local/texlive/2025/texmf-dist/tex/latex/tcolorbox/tcbskinsjigsaw.code.tex
Library (tcolorbox): 'tcbskinsjigsaw.code.tex' version '6.4.1'
)) (/usr/local/texlive/2025/texmf-dist/tex/latex/tcolorbox/tcbbreakable.code.tex
Library (tcolorbox): 'tcbbreakable.code.tex' version '6.4.1'
(/usr/local/texlive/2025/texmf-dist/tex/latex/pdfcol/pdfcol.sty
Package: pdfcol 2022-09-21 v1.7 Handle new color stacks for pdfTeX (HO)
 (/usr/local/texlive/2025/texmf-dist/tex/generic/ltxcmds/ltxcmds.sty
Package: ltxcmds 2023-12-04 v1.26 LaTeX kernel commands for general use (HO)
) (/usr/local/texlive/2025/texmf-dist/tex/generic/infwarerr/infwarerr.sty
Package: infwarerr 2019/12/03 v1.5 Providing info/warning/error messages (HO)
))
Package pdfcol Info: New color stack `tcb@breakable' = 1 on input line 23.
\tcb@testbox=\box79
\tcb@totalupperbox=\box80
\tcb@totallowerbox=\box81
) (/usr/local/texlive/2025/texmf-dist/tex/latex/tcolorbox/tcbhooks.code.tex
Library (tcolorbox): 'tcbhooks.code.tex' version '6.4.1'
) (/usr/local/texlive/2025/texmf-dist/tex/latex/tcolorbox/tcbtheorems.code.tex
Library (tcolorbox): 'tcbtheorems.code.tex' version '6.4.1'
(/usr/local/texlive/2025/texmf-dist/tex/latex/amsmath/amsmath.sty
Package: amsmath 2024/11/05 v2.17t AMS math features
\@mathmargin=\skip53

For additional information on amsmath, use the `?' option.
(/usr/local/texlive/2025/texmf-dist/tex/latex/amsmath/amstext.sty
Package: amstext 2021/08/26 v2.01 AMS text
 (/usr/local/texlive/2025/texmf-dist/tex/latex/amsmath/amsgen.sty
File: amsgen.sty 1999/11/30 v2.0 generic functions
\@emptytoks=\toks42
\ex@=\dimen301
)) (/usr/local/texlive/2025/texmf-dist/tex/latex/amsmath/amsbsy.sty
Package: amsbsy 1999/11/29 v1.2d Bold Symbols
\pmbraise@=\dimen302
) (/usr/local/texlive/2025/texmf-dist/tex/latex/amsmath/amsopn.sty
Package: amsopn 2022/04/08 v2.04 operator names
)
\inf@bad=\count315
LaTeX Info: Redefining \frac on input line 233.
\uproot@=\count316
\leftroot@=\count317
LaTeX Info: Redefining \overline on input line 398.
LaTeX Info: Redefining \colon on input line 409.
\classnum@=\count318
\DOTSCASE@=\count319
LaTeX Info: Redefining \ldots on input line 495.
LaTeX Info: Redefining \dots on input line 498.
LaTeX Info: Redefining \cdots on input line 619.
\Mathstrutbox@=\box82
\strutbox@=\box83
LaTeX Info: Redefining \big on input line 721.
LaTeX Info: Redefining \Big on input line 722.
LaTeX Info: Redefining \bigg on input line 723.
LaTeX Info: Redefining \Bigg on input line 724.
\big@size=\dimen303
LaTeX Font Info:    Redeclaring font encoding OML on input line 742.
LaTeX Font Info:    Redeclaring font encoding OMS on input line 743.
\macc@depth=\count320
LaTeX Info: Redefining \bmod on input line 904.
LaTeX Info: Redefining \pmod on input line 909.
LaTeX Info: Redefining \smash on input line 939.
LaTeX Info: Redefining \relbar on input line 969.
LaTeX Info: Redefining \Relbar on input line 970.
\c@MaxMatrixCols=\count321
\dotsspace@=\muskip18
\c@parentequation=\count322
\dspbrk@lvl=\count323
\tag@help=\toks43
\row@=\count324
\column@=\count325
\maxfields@=\count326
\andhelp@=\toks44
\eqnshift@=\dimen304
\alignsep@=\dimen305
\tagshift@=\dimen306
\tagwidth@=\dimen307
\totwidth@=\dimen308
\lineht@=\dimen309
\@envbody=\toks45
\multlinegap=\skip54
\multlinetaggap=\skip55
\mathdisplay@stack=\toks46
LaTeX Info: Redefining \[ on input line 2953.
LaTeX Info: Redefining \] on input line 2954.
)) (/usr/local/texlive/2025/texmf-dist/tex/latex/tcolorbox/tcbfitting.code.tex
Library (tcolorbox): 'tcbfitting.code.tex' version '6.4.1'
\tcbfitdim=\dimen310
\tcb@lowerfitdim=\dimen311
\tcb@upperfitdim=\dimen312
\tcb@cur@hbadness=\count327
) (/usr/local/texlive/2025/texmf-dist/tex/latex/tcolorbox/tcblistingsutf8.code.tex
Library (tcolorbox): 'tcblistingsutf8.code.tex' version '6.4.1'
(/usr/local/texlive/2025/texmf-dist/tex/latex/tcolorbox/tcblistings.code.tex
Library (tcolorbox): 'tcblistings.code.tex' version '6.4.1'
(/usr/local/texlive/2025/texmf-dist/tex/latex/listings/listings.sty
\lst@mode=\count328
\lst@gtempboxa=\box84
\lst@token=\toks47
\lst@length=\count329
\lst@currlwidth=\dimen313
\lst@column=\count330
\lst@pos=\count331
\lst@lostspace=\dimen314
\lst@width=\dimen315
\lst@newlines=\count332
\lst@lineno=\count333
\lst@maxwidth=\dimen316
 (/usr/local/texlive/2025/texmf-dist/tex/latex/listings/lstpatch.sty
File: lstpatch.sty 2024/09/23 1.10c (Carsten Heinz)
) (/usr/local/texlive/2025/texmf-dist/tex/latex/listings/lstmisc.sty
File: lstmisc.sty 2024/09/23 1.10c (Carsten Heinz)
\c@lstnumber=\count334
\lst@skipnumbers=\count335
\lst@framebox=\box85
) (/usr/local/texlive/2025/texmf-dist/tex/latex/listings/listings.cfg
File: listings.cfg 2024/09/23 1.10c listings configuration
))
Package: listings 2024/09/23 1.10c (Carsten Heinz)
 (/usr/local/texlive/2025/texmf-dist/tex/latex/tcolorbox/tcblistingscore.code.tex
Library (tcolorbox): 'tcblistingscore.code.tex' version '6.4.1'
(/usr/local/texlive/2025/texmf-dist/tex/latex/tcolorbox/tcbprocessing.code.tex
Library (tcolorbox): 'tcbprocessing.code.tex' version '6.4.1'
)
\c@tcblisting=\count336
)) (/usr/local/texlive/2025/texmf-dist/tex/latex/listingsutf8/listingsutf8.sty
Package: listingsutf8 2019-12-10 v1.5 Allow UTF-8 in listings input (HO)
 (/usr/local/texlive/2025/texmf-dist/tex/generic/pdftexcmds/pdftexcmds.sty
Package: pdftexcmds 2020-06-27 v0.33 Utility functions of pdfTeX for LuaTeX (HO)
Package pdftexcmds Info: \pdf@primitive is available.
Package pdftexcmds Info: \pdf@ifprimitive is available.
Package pdftexcmds Info: \pdfdraftmode found.
) (/usr/local/texlive/2025/texmf-dist/tex/generic/stringenc/stringenc.sty
Package: stringenc 2019/11/29 v1.12 Convert strings between diff. encodings (HO)
 (/usr/local/texlive/2025/texmf-dist/tex/generic/pdfescape/pdfescape.sty
Package: pdfescape 2019/12/09 v1.15 Implements pdfTeX's escape features (HO)
)))) (/usr/local/texlive/2025/texmf-dist/tex/latex/tcolorbox/tcbexternal.code.tex
Library (tcolorbox): 'tcbexternal.code.tex' version '6.4.1'
) (/usr/local/texlive/2025/texmf-dist/tex/latex/tcolorbox/tcbmagazine.code.tex
Library (tcolorbox): 'tcbmagazine.code.tex' version '6.4.1'
) (/usr/local/texlive/2025/texmf-dist/tex/latex/tcolorbox/tcbvignette.code.tex
Library (tcolorbox): 'tcbvignette.code.tex' version '6.4.1'
(/usr/local/texlive/2025/texmf-dist/tex/generic/pgf/frontendlayer/tikz/libraries/tikzlibraryfadings.code.tex
File: tikzlibraryfadings.code.tex 2023-01-15 v3.1.10 (3.1.10)
 (/usr/local/texlive/2025/texmf-dist/tex/generic/pgf/libraries/pgflibraryfadings.code.tex
File: pgflibraryfadings.code.tex 2023-01-15 v3.1.10 (3.1.10)
))) (/usr/local/texlive/2025/texmf-dist/tex/latex/tcolorbox/tcbposter.code.tex
Library (tcolorbox): 'tcbposter.code.tex' version '6.4.1'
)) (/usr/local/texlive/2025/texmf-dist/tex/latex/setspace/setspace.sty
Package: setspace 2022/12/04 v6.7b set line spacing
) (/usr/local/texlive/2025/texmf-dist/tex/latex/amsfonts/amssymb.sty
Package: amssymb 2013/01/14 v3.01 AMS font symbols
 (/usr/local/texlive/2025/texmf-dist/tex/latex/amsfonts/amsfonts.sty
Package: amsfonts 2013/01/14 v3.01 Basic AMSFonts support
\symAMSa=\mathgroup4
\symAMSb=\mathgroup5
LaTeX Font Info:    Redeclaring math symbol \hbar on input line 98.
LaTeX Font Info:    Overwriting math alphabet `\mathfrak' in version `bold'
(Font)                  U/euf/m/n --> U/euf/b/n on input line 106.
)) (/usr/local/texlive/2025/texmf-dist/tex/latex/csquotes/csquotes.sty
Package: csquotes 2024-04-04 v5.2o context-sensitive quotations (JAW)
\csq@reset=\count337
\csq@gtype=\count338
\csq@glevel=\count339
\csq@qlevel=\count340
\csq@maxlvl=\count341
\csq@tshold=\count342
\csq@ltx@everypar=\toks48
 (/usr/local/texlive/2025/texmf-dist/tex/latex/csquotes/csquotes.def
File: csquotes.def 2024-04-04 v5.2o csquotes generic definitions (JAW)
)
Package csquotes Info: Trying to load configuration file 'csquotes.cfg'...
Package csquotes Info: ... configuration file loaded successfully.
 (/usr/local/texlive/2025/texmf-dist/tex/latex/csquotes/csquotes.cfg
File: csquotes.cfg 
)) (/usr/local/texlive/2025/texmf-dist/tex/latex/biblatex/biblatex.sty
Package: biblatex 2024/03/21 v3.20 programmable bibliographies (PK/MW)
 (/usr/local/texlive/2025/texmf-dist/tex/latex/kvoptions/kvoptions.sty
Package: kvoptions 2022-06-15 v3.15 Key value format for package options (HO)
 (/usr/local/texlive/2025/texmf-dist/tex/latex/kvsetkeys/kvsetkeys.sty
Package: kvsetkeys 2022-10-05 v1.19 Key value parser (HO)
)) (/usr/local/texlive/2025/texmf-dist/tex/latex/logreq/logreq.sty
Package: logreq 2010/08/04 v1.0 xml request logger
\lrq@indent=\count343
 (/usr/local/texlive/2025/texmf-dist/tex/latex/logreq/logreq.def
File: logreq.def 2010/08/04 v1.0 logreq spec v1.0
)) (/usr/local/texlive/2025/texmf-dist/tex/latex/base/ifthen.sty
Package: ifthen 2024/03/16 v1.1e Standard LaTeX ifthen package (DPC)
)
\c@tabx@nest=\count344
\c@listtotal=\count345
\c@listcount=\count346
\c@liststart=\count347
\c@liststop=\count348
\c@citecount=\count349
\c@citetotal=\count350
\c@multicitecount=\count351
\c@multicitetotal=\count352
\c@instcount=\count353
\c@maxnames=\count354
\c@minnames=\count355
\c@maxitems=\count356
\c@minitems=\count357
\c@citecounter=\count358
\c@maxcitecounter=\count359
\c@savedcitecounter=\count360
\c@uniquelist=\count361
\c@uniquename=\count362
\c@refsection=\count363
\c@refsegment=\count364
\c@maxextratitle=\count365
\c@maxextratitleyear=\count366
\c@maxextraname=\count367
\c@maxextradate=\count368
\c@maxextraalpha=\count369
\c@abbrvpenalty=\count370
\c@highnamepenalty=\count371
\c@lownamepenalty=\count372
\c@maxparens=\count373
\c@parenlevel=\count374
\blx@tempcnta=\count375
\blx@tempcntb=\count376
\blx@tempcntc=\count377
\c@blx@maxsection=\count378
\blx@maxsegment@0=\count379
\blx@notetype=\count380
\blx@parenlevel@text=\count381
\blx@parenlevel@foot=\count382
\blx@sectionciteorder@0=\count383
\blx@sectionciteorderinternal@0=\count384
\blx@entrysetcounter=\count385
\blx@biblioinstance=\count386
\labelnumberwidth=\skip56
\labelalphawidth=\skip57
\biblabelsep=\skip58
\bibitemsep=\skip59
\bibnamesep=\skip60
\bibinitsep=\skip61
\bibparsep=\skip62
\bibhang=\skip63
\blx@bcfin=\read4
\blx@bcfout=\write4
\blx@langwohyphens=\language90
\c@mincomprange=\count387
\c@maxcomprange=\count388
\c@mincompwidth=\count389
Package biblatex Info: Trying to load biblatex default data model...
Package biblatex Info: ... file 'blx-dm.def' found.
 (/usr/local/texlive/2025/texmf-dist/tex/latex/biblatex/blx-dm.def
File: blx-dm.def 2024/03/21 v3.20 biblatex datamodel (PK/MW)
)
Package biblatex Info: Trying to load biblatex style data model...
Package biblatex Info: ... file 'apa.dbx' found.
 (/usr/local/texlive/2025/texmf-dist/tex/latex/biblatex-apa/apa.dbx
File: apa.dbx 2023/03/20 v9.17 APA biblatex style data model
)
Package biblatex Info: Trying to load biblatex custom data model...
Package biblatex Info: ... file 'biblatex-dm.cfg' not found.
\c@afterword=\count390
\c@savedafterword=\count391
\c@annotator=\count392
\c@savedannotator=\count393
\c@author=\count394
\c@savedauthor=\count395
\c@bookauthor=\count396
\c@savedbookauthor=\count397
\c@commentator=\count398
\c@savedcommentator=\count399
\c@editor=\count400
\c@savededitor=\count401
\c@editora=\count402
\c@savededitora=\count403
\c@editorb=\count404
\c@savededitorb=\count405
\c@editorc=\count406
\c@savededitorc=\count407
\c@foreword=\count408
\c@savedforeword=\count409
\c@holder=\count410
\c@savedholder=\count411
\c@introduction=\count412
\c@savedintroduction=\count413
\c@namea=\count414
\c@savednamea=\count415
\c@nameb=\count416
\c@savednameb=\count417
\c@namec=\count418
\c@savednamec=\count419
\c@translator=\count420
\c@savedtranslator=\count421
\c@shortauthor=\count422
\c@savedshortauthor=\count423
\c@shorteditor=\count424
\c@savedshorteditor=\count425
\c@narrator=\count426
\c@savednarrator=\count427
\c@execproducer=\count428
\c@savedexecproducer=\count429
\c@execdirector=\count430
\c@savedexecdirector=\count431
\c@with=\count432
\c@savedwith=\count433
\c@labelname=\count434
\c@savedlabelname=\count435
\c@institution=\count436
\c@savedinstitution=\count437
\c@lista=\count438
\c@savedlista=\count439
\c@listb=\count440
\c@savedlistb=\count441
\c@listc=\count442
\c@savedlistc=\count443
\c@listd=\count444
\c@savedlistd=\count445
\c@liste=\count446
\c@savedliste=\count447
\c@listf=\count448
\c@savedlistf=\count449
\c@location=\count450
\c@savedlocation=\count451
\c@organization=\count452
\c@savedorganization=\count453
\c@origlocation=\count454
\c@savedoriglocation=\count455
\c@origpublisher=\count456
\c@savedorigpublisher=\count457
\c@publisher=\count458
\c@savedpublisher=\count459
\c@language=\count460
\c@savedlanguage=\count461
\c@origlanguage=\count462
\c@savedoriglanguage=\count463
\c@citation=\count464
\c@savedcitation=\count465
\c@pageref=\count466
\c@savedpageref=\count467
\shorthandwidth=\skip64
\shortjournalwidth=\skip65
\shortserieswidth=\skip66
\shorttitlewidth=\skip67
\shortauthorwidth=\skip68
\shorteditorwidth=\skip69
\locallabelnumberwidth=\skip70
\locallabelalphawidth=\skip71
\localshorthandwidth=\skip72
\localshortjournalwidth=\skip73
\localshortserieswidth=\skip74
\localshorttitlewidth=\skip75
\localshortauthorwidth=\skip76
\localshorteditorwidth=\skip77
Package biblatex Info: Trying to load compatibility code...
Package biblatex Info: ... file 'blx-compat.def' found.
 (/usr/local/texlive/2025/texmf-dist/tex/latex/biblatex/blx-compat.def
File: blx-compat.def 2024/03/21 v3.20 biblatex compatibility (PK/MW)
)
Package biblatex Info: Trying to load generic definitions...
Package biblatex Info: ... file 'biblatex.def' found.
 (/usr/local/texlive/2025/texmf-dist/tex/latex/biblatex/biblatex.def
File: biblatex.def 2024/03/21 v3.20 biblatex compatibility (PK/MW)
\c@textcitecount=\count468
\c@textcitetotal=\count469
\c@textcitemaxnames=\count470
\c@biburlbigbreakpenalty=\count471
\c@biburlbreakpenalty=\count472
\c@biburlnumpenalty=\count473
\c@biburlucpenalty=\count474
\c@biburllcpenalty=\count475
\biburlbigskip=\muskip19
\biburlnumskip=\muskip20
\biburlucskip=\muskip21
\biburllcskip=\muskip22
\c@smartand=\count476
)
Package biblatex Info: Trying to load bibliography style 'apa'...
Package biblatex Info: ... file 'apa.bbx' found.
 (/usr/local/texlive/2025/texmf-dist/tex/latex/biblatex-apa/apa.bbx
File: apa.bbx 2023/03/20 v9.17 APA biblatex references style
Package biblatex Info: Trying to load bibliography style 'standard'...
Package biblatex Info: ... file 'standard.bbx' found.
 (/usr/local/texlive/2025/texmf-dist/tex/latex/biblatex/bbx/standard.bbx
File: standard.bbx 2024/03/21 v3.20 biblatex bibliography style (PK/MW)
\c@bbx:relatedcount=\count477
\c@bbx:relatedtotal=\count478
)
Package biblatex Info: Delimiter 'nameyeardelim' in context 'bib' already defined, overwriting.
Package biblatex Info: Delimiter 'nameyeardelim' in context 'biblist' already defined, overwriting.
Package biblatex Info: Delimiter 'nonameyeardelim' in context 'bib' already defined, overwriting.
Package biblatex Info: Delimiter 'nonameyeardelim' in context 'biblist' already defined, overwriting.
)
Package biblatex Info: Trying to load citation style 'apa'...
Package biblatex Info: ... file 'apa.cbx' found.
 (/usr/local/texlive/2025/texmf-dist/tex/latex/biblatex-apa/apa.cbx
File: apa.cbx 2023/03/20 v9.17 APA biblatex citation style
Package biblatex Info: Delimiter 'nameyeardelim' in context '' already defined, overwriting.
Package biblatex Info: Delimiter 'andothersdelim' in context '' already defined, overwriting.
Package biblatex Info: Redefining '\fullcite'.
Package biblatex Info: Redefining '\citeauthor'.
Package biblatex Info: Redefining '\citeyear'.
Package biblatex Info: Redefining '\cite'.
Package biblatex Info: Redefining '\cites'.
Package biblatex Info: Redefining '\parencite'.
Package biblatex Info: Redefining '\parencites'.
Package biblatex Info: Redefining '\footcite'.
Package biblatex Info: Redefining '\footcites'.
Package biblatex Info: Redefining '\footcitetext'.
Package biblatex Info: Redefining '\footcitetexts'.
Package biblatex Info: Redefining '\smartcite'.
Package biblatex Info: Redefining '\smartcites'.
Package biblatex Info: Redefining '\textcite'.
Package biblatex Info: Redefining '\textcites'.
)
Package biblatex Info: Trying to load configuration file...
Package biblatex Info: ... file 'biblatex.cfg' found.
 (/usr/local/texlive/2025/texmf-dist/tex/latex/biblatex/biblatex.cfg
File: biblatex.cfg 
)
Package biblatex Info: Input encoding 'utf8' detected.
Package biblatex Info: Document encoding is UTF8 ....
 (/usr/local/texlive/2025/texmf-dist/tex/latex/l3kernel/expl3.sty
Package: expl3 2025-01-18 L3 programming layer (loader) 
 (/usr/local/texlive/2025/texmf-dist/tex/latex/l3backend/l3backend-pdftex.def
File: l3backend-pdftex.def 2024-05-08 L3 backend support: PDF output (pdfTeX)
\l__color_backend_stack_int=\count479
\l__pdf_internal_box=\box86
))
Package biblatex Info: ... and expl3
(biblatex)             2025-01-18 L3 programming layer (loader) 
(biblatex)             is new enough (at least 2020/04/06),
(biblatex)             setting 'casechanger=expl3'.
 (/usr/local/texlive/2025/texmf-dist/tex/latex/biblatex/blx-case-expl3.sty (/usr/local/texlive/2025/texmf-dist/tex/latex/l3packages/xparse/xparse.sty
Package: xparse 2024-08-16 L3 Experimental document command parser
)
Package: blx-case-expl3 2024/03/21 v3.20 expl3 case changing code for biblatex
)) (/usr/local/texlive/2025/texmf-dist/tex/latex/hyperref/hyperref.sty
Package: hyperref 2024-11-05 v7.01l Hypertext links for LaTeX
 (/usr/local/texlive/2025/texmf-dist/tex/generic/kvdefinekeys/kvdefinekeys.sty
Package: kvdefinekeys 2019-12-19 v1.6 Define keys (HO)
) (/usr/local/texlive/2025/texmf-dist/tex/latex/hycolor/hycolor.sty
Package: hycolor 2020-01-27 v1.10 Color options for hyperref/bookmark (HO)
) (/usr/local/texlive/2025/texmf-dist/tex/latex/hyperref/nameref.sty
Package: nameref 2023-11-26 v2.56 Cross-referencing by name of section
 (/usr/local/texlive/2025/texmf-dist/tex/latex/refcount/refcount.sty
Package: refcount 2019/12/15 v3.6 Data extraction from label references (HO)
) (/usr/local/texlive/2025/texmf-dist/tex/generic/gettitlestring/gettitlestring.sty
Package: gettitlestring 2019/12/15 v1.6 Cleanup title references (HO)
)
\c@section@level=\count480
)
\@linkdim=\dimen317
\Hy@linkcounter=\count481
\Hy@pagecounter=\count482
 (/usr/local/texlive/2025/texmf-dist/tex/latex/hyperref/pd1enc.def
File: pd1enc.def 2024-11-05 v7.01l Hyperref: PDFDocEncoding definition (HO)
Now handling font encoding PD1 ...
... no UTF-8 mapping file for font encoding PD1
) (/usr/local/texlive/2025/texmf-dist/tex/generic/intcalc/intcalc.sty
Package: intcalc 2019/12/15 v1.3 Expandable calculations with integers (HO)
)
\Hy@SavedSpaceFactor=\count483
 (/usr/local/texlive/2025/texmf-dist/tex/latex/hyperref/puenc.def
File: puenc.def 2024-11-05 v7.01l Hyperref: PDF Unicode definition (HO)
Now handling font encoding PU ...
... no UTF-8 mapping file for font encoding PU
)
Package hyperref Info: Option `colorlinks' set `true' on input line 4040.
Package hyperref Info: Hyper figures OFF on input line 4157.
Package hyperref Info: Link nesting OFF on input line 4162.
Package hyperref Info: Hyper index ON on input line 4165.
Package hyperref Info: Plain pages OFF on input line 4172.
Package hyperref Info: Backreferencing OFF on input line 4177.
Package hyperref Info: Implicit mode ON; LaTeX internals redefined.
Package hyperref Info: Bookmarks ON on input line 4424.
\c@Hy@tempcnt=\count484
LaTeX Info: Redefining \url on input line 4763.
\XeTeXLinkMargin=\dimen318
 (/usr/local/texlive/2025/texmf-dist/tex/generic/bitset/bitset.sty
Package: bitset 2019/12/09 v1.3 Handle bit-vector datatype (HO)
 (/usr/local/texlive/2025/texmf-dist/tex/generic/bigintcalc/bigintcalc.sty
Package: bigintcalc 2019/12/15 v1.5 Expandable calculations on big integers (HO)
))
\Fld@menulength=\count485
\Field@Width=\dimen319
\Fld@charsize=\dimen320
Package hyperref Info: Hyper figures OFF on input line 6042.
Package hyperref Info: Link nesting OFF on input line 6047.
Package hyperref Info: Hyper index ON on input line 6050.
Package hyperref Info: backreferencing OFF on input line 6057.
Package hyperref Info: Link coloring ON on input line 6060.
Package hyperref Info: Link coloring with OCG OFF on input line 6067.
Package hyperref Info: PDF/A mode OFF on input line 6072.
 (/usr/local/texlive/2025/texmf-dist/tex/latex/base/atbegshi-ltx.sty
Package: atbegshi-ltx 2021/01/10 v1.0c Emulation of the original atbegshi
package with kernel methods
)
\Hy@abspage=\count486
\c@Item=\count487
\c@Hfootnote=\count488
)
Package hyperref Info: Driver (autodetected): hpdftex.
 (/usr/local/texlive/2025/texmf-dist/tex/latex/hyperref/hpdftex.def
File: hpdftex.def 2024-11-05 v7.01l Hyperref driver for pdfTeX
 (/usr/local/texlive/2025/texmf-dist/tex/latex/base/atveryend-ltx.sty
Package: atveryend-ltx 2020/08/19 v1.0a Emulation of the original atveryend package
with kernel methods
)
\Fld@listcount=\count489
\c@bookmark@seq@number=\count490
 (/usr/local/texlive/2025/texmf-dist/tex/latex/rerunfilecheck/rerunfilecheck.sty
Package: rerunfilecheck 2022-07-10 v1.10 Rerun checks for auxiliary files (HO)
 (/usr/local/texlive/2025/texmf-dist/tex/generic/uniquecounter/uniquecounter.sty
Package: uniquecounter 2019/12/15 v1.4 Provide unlimited unique counter (HO)
)
Package uniquecounter Info: New unique counter `rerunfilecheck' on input line 285.
)
\Hy@SectionHShift=\skip78
) (/usr/local/texlive/2025/texmf-dist/tex/generic/soul/soul.sty
Package: soul 2023-06-14 v3.1 Permit use of UTF-8 characters in soul (HO)
 (/usr/local/texlive/2025/texmf-dist/tex/generic/soul/soul-ori.sty
Package: soul-ori 2023-06-14 v3.1 letterspacing/underlining (mf)
\SOUL@word=\toks49
\SOUL@lasttoken=\toks50
\SOUL@syllable=\toks51
\SOUL@cmds=\toks52
\SOUL@buffer=\toks53
\SOUL@token=\toks54
\SOUL@syllgoal=\dimen321
\SOUL@syllwidth=\dimen322
\SOUL@charkern=\dimen323
\SOUL@hyphkern=\dimen324
\SOUL@dimen=\dimen325
\SOUL@dimeni=\dimen326
\SOUL@minus=\count491
\SOUL@comma=\count492
\SOUL@apo=\count493
\SOUL@grave=\count494
\SOUL@spaceskip=\skip79
\SOUL@ttwidth=\dimen327
\SOUL@uldp=\dimen328
\SOUL@ulht=\dimen329
) (/usr/local/texlive/2025/texmf-dist/tex/generic/etexcmds/etexcmds.sty
Package: etexcmds 2019/12/15 v1.7 Avoid name clashes with e-TeX commands (HO)
)) (/usr/local/texlive/2025/texmf-dist/tex/latex/comment/comment.sty
\CommentStream=\write5
 Excluding comment 'comment') (/usr/local/texlive/2025/texmf-dist/tex/latex/tools/longtable.sty
Package: longtable 2024-10-27 v4.22 Multi-page Table package (DPC)
\LTleft=\skip80
\LTright=\skip81
\LTpre=\skip82
\LTpost=\skip83
\LTchunksize=\count495
\LTcapwidth=\dimen330
\LT@head=\box87
\LT@firsthead=\box88
\LT@foot=\box89
\LT@lastfoot=\box90
\LT@gbox=\box91
\LT@cols=\count496
\LT@rows=\count497
\c@LT@tables=\count498
\c@LT@chunks=\count499
\LT@p@ftn=\toks55
) (/usr/local/texlive/2025/texmf-dist/tex/latex/pdflscape/pdflscape.sty
Package: pdflscape 2022-10-27 v0.13 Display of landscape pages in PDF
 (/usr/local/texlive/2025/texmf-dist/tex/latex/pdflscape/pdflscape-nometadata.sty
Package: pdflscape-nometadata 2022-10-28 v0.13 Display of landscape pages in PDF (HO)
 (/usr/local/texlive/2025/texmf-dist/tex/latex/graphics/lscape.sty
Package: lscape 2020/05/28 v3.02 Landscape Pages (DPC)
)
Package pdflscape Info: Auto-detected driver: pdftex on input line 81.
)) (/usr/local/texlive/2025/texmf-dist/tex/latex/tools/afterpage.sty
Package: afterpage 2023/07/04 v1.08 After-Page Package (DPC)
\AP@output=\toks56
\AP@partial=\box92
\AP@footins=\box93
)
Package csquotes Info: Checking for multilingual support...
Package csquotes Info: ... none found.
 (./primera_version.aux)
\openout1 = `primera_version.aux'.

LaTeX Font Info:    Checking defaults for OML/cmm/m/it on input line 44.
LaTeX Font Info:    ... okay on input line 44.
LaTeX Font Info:    Checking defaults for OMS/cmsy/m/n on input line 44.
LaTeX Font Info:    ... okay on input line 44.
LaTeX Font Info:    Checking defaults for OT1/cmr/m/n on input line 44.
LaTeX Font Info:    ... okay on input line 44.
LaTeX Font Info:    Checking defaults for T1/cmr/m/n on input line 44.
LaTeX Font Info:    ... okay on input line 44.
LaTeX Font Info:    Checking defaults for TS1/cmr/m/n on input line 44.
LaTeX Font Info:    ... okay on input line 44.
LaTeX Font Info:    Checking defaults for OMX/cmex/m/n on input line 44.
LaTeX Font Info:    ... okay on input line 44.
LaTeX Font Info:    Checking defaults for U/cmr/m/n on input line 44.
LaTeX Font Info:    ... okay on input line 44.
LaTeX Font Info:    Checking defaults for PD1/pdf/m/n on input line 44.
LaTeX Font Info:    ... okay on input line 44.
LaTeX Font Info:    Checking defaults for PU/pdf/m/n on input line 44.
LaTeX Font Info:    ... okay on input line 44.
 (/usr/local/texlive/2025/texmf-dist/tex/context/base/mkii/supp-pdf.mkii
[Loading MPS to PDF converter (version 2006.09.02).]
\scratchcounter=\count500
\scratchdimen=\dimen331
\scratchbox=\box94
\nofMPsegments=\count501
\nofMParguments=\count502
\everyMPshowfont=\toks57
\MPscratchCnt=\count503
\MPscratchDim=\dimen332
\MPnumerator=\count504
\makeMPintoPDFobject=\count505
\everyMPtoPDFconversion=\toks58
) (/usr/local/texlive/2025/texmf-dist/tex/latex/epstopdf-pkg/epstopdf-base.sty
Package: epstopdf-base 2020-01-24 v2.11 Base part for package epstopdf
Package epstopdf-base Info: Redefining graphics rule for `.eps' on input line 485.
 (/usr/local/texlive/2025/texmf-dist/tex/latex/latexconfig/epstopdf-sys.cfg
File: epstopdf-sys.cfg 2010/07/13 v1.3 Configuration of (r)epstopdf for TeX Live
))
Package caption Info: Begin \AtBeginDocument code.
Package caption Info: hyperref package is loaded.
Package caption Info: listings package is loaded.
Package caption Info: longtable package is loaded.
 (/usr/local/texlive/2025/texmf-dist/tex/latex/caption/ltcaption.sty
Package: ltcaption 2021/01/08 v1.4c longtable captions (AR)
)
Package caption Info: End \AtBeginDocument code.

*geometry* driver: auto-detecting
*geometry* detected driver: pdftex
*geometry* verbose mode - [ preamble ] result:
* driver: pdftex
* paper: <default>
* layout: <same size as paper>
* layoutoffset:(h,v)=(0.0pt,0.0pt)
* modes: 
* h-part:(L,W,R)=(85.35826pt, 443.57848pt, 85.35826pt)
* v-part:(T,H,B)=(85.35826pt, 624.25346pt, 85.35826pt)
* \paperwidth=614.295pt
* \paperheight=794.96999pt
* \textwidth=443.57848pt
* \textheight=624.25346pt
* \oddsidemargin=13.08827pt
* \evensidemargin=13.08827pt
* \topmargin=-23.91173pt
* \headheight=12.0pt
* \headsep=25.0pt
* \topskip=12.0pt
* \footskip=30.0pt
* \marginparwidth=44.0pt
* \marginparsep=10.0pt
* \columnsep=10.0pt
* \skip\footins=10.8pt plus 4.0pt minus 2.0pt
* \hoffset=0.0pt
* \voffset=0.0pt
* \mag=1000
* \@twocolumnfalse
* \@twosidefalse
* \@mparswitchfalse
* \@reversemarginfalse
* (1in=72.27pt=25.4mm, 1cm=28.453pt)

\c@lstlisting=\count506
Package biblatex Info: Trying to load language 'english' -> 'english-apa'...
Package biblatex Info: ... file 'english-apa.lbx' found.
(/usr/local/texlive/2025/texmf-dist/tex/latex/biblatex-apa/english-apa.lbx
File: english-apa.lbx 2023/03/20 v9.17 APA biblatex localisation
Package biblatex Info: Trying to load language 'english'...
Package biblatex Info: ... file 'english.lbx' found.
 (/usr/local/texlive/2025/texmf-dist/tex/latex/biblatex/lbx/english.lbx
File: english.lbx 2024/03/21 v3.20 biblatex localization (PK/MW)
)
Package biblatex Info: Trying to load language 'american' -> 'american-apa'...
Package biblatex Info: ... file 'american-apa.lbx' found.
 (/usr/local/texlive/2025/texmf-dist/tex/latex/biblatex-apa/american-apa.lbx
File: american-apa.lbx 2023/03/20 v9.17 APA biblatex localisation
Package biblatex Info: Trying to load language 'american'...
Package biblatex Info: ... file 'american.lbx' found.
 (/usr/local/texlive/2025/texmf-dist/tex/latex/biblatex/lbx/american.lbx
File: american.lbx 2024/03/21 v3.20 biblatex localization (PK/MW)
Package biblatex Info: Trying to load language 'english'...
Package biblatex Info: ... file 'english.lbx' found.
 (/usr/local/texlive/2025/texmf-dist/tex/latex/biblatex/lbx/english.lbx
File: english.lbx 2024/03/21 v3.20 biblatex localization (PK/MW)
))))
Package biblatex Info: Input encoding 'utf8' detected.
Package biblatex Info: Automatic encoding selection.
(biblatex)             Assuming data encoding 'utf8'.
\openout4 = `primera_version.bcf'.

Package biblatex Info: Trying to load bibliographic data...
Package biblatex Info: ... file 'primera_version.bbl' found.
 (./primera_version.bbl)
Package biblatex Info: Reference section=0 on input line 44.
Package biblatex Info: Reference segment=0 on input line 44.
Package hyperref Info: Link coloring ON on input line 44.
 (./primera_version.out) (./primera_version.out)
\@outlinefile=\write6
\openout6 = `primera_version.out'.



[1

{/usr/local/texlive/2025/texmf-var/fonts/map/pdftex/updmap/pdftex.map}{/usr/local/texlive/2025/texmf-dist/fonts/enc/dvips/cm-super/cm-super-t1.enc}]
LaTeX Font Info:    Trying to load font information for U+msa on input line 68.
 (/usr/local/texlive/2025/texmf-dist/tex/latex/amsfonts/umsa.fd
File: umsa.fd 2013/01/14 v3.01 AMS symbols A
)
LaTeX Font Info:    Trying to load font information for U+msb on input line 68.
 (/usr/local/texlive/2025/texmf-dist/tex/latex/amsfonts/umsb.fd
File: umsb.fd 2013/01/14 v3.01 AMS symbols B
)


pdfTeX warning (ext4): destination with the same identifier (name{page.1}) has been already used, duplicate ignored
<to be read again> 
                   \relax 
l.80 \newpage
              [1{/usr/local/texlive/2025/texmf-dist/fonts/enc/dvips/cm-super/cm-super-ts1.enc}]
Underfull \hbox (badness 10000) in paragraph at lines 84--85

 []


Underfull \hbox (badness 10000) in paragraph at lines 86--87

 []


Underfull \hbox (badness 10000) in paragraph at lines 88--89

 []



[2]
Underfull \hbox (badness 10000) in paragraph at lines 90--91

 []


Underfull \hbox (badness 10000) in paragraph at lines 92--93

 []


Underfull \hbox (badness 10000) in paragraph at lines 94--95

 []


Underfull \hbox (badness 10000) in paragraph at lines 96--97

 []



[3]
Underfull \hbox (badness 10000) in paragraph at lines 98--99

 []


Underfull \hbox (badness 10000) in paragraph at lines 107--108

 []



[4]
<other_figs/oxxos_por_ano.png, id=214, 562.5015pt x 335.8146pt>
File: other_figs/oxxos_por_ano.png Graphic file (type png)
<use other_figs/oxxos_por_ano.png>
Package pdftex.def Info: other_figs/oxxos_por_ano.png  used on input line 111.
(pdftex.def)             Requested size: 399.21791pt x 238.33267pt.

Underfull \hbox (badness 10000) in paragraph at lines 119--120

 []



[5 <./other_figs/oxxos_por_ano.png>]
Underfull \hbox (badness 10000) in paragraph at lines 121--122

 []


Underfull \hbox (badness 10000) in paragraph at lines 123--124

 []

<figs_oxxo_maps/mapa_oxxos_binary_upz_2009.png, id=235, 209.583pt x 357.2547pt>
File: figs_oxxo_maps/mapa_oxxos_binary_upz_2009.png Graphic file (type png)
<use figs_oxxo_maps/mapa_oxxos_binary_upz_2009.png>
Package pdftex.def Info: figs_oxxo_maps/mapa_oxxos_binary_upz_2009.png  used on input line 129.
(pdftex.def)             Requested size: 133.07489pt x 226.84329pt.
<figs_oxxo_maps/mapa_oxxos_binary_upz_2011.png, id=237, 210.0648pt x 360.8682pt>
File: figs_oxxo_maps/mapa_oxxos_binary_upz_2011.png Graphic file (type png)
<use figs_oxxo_maps/mapa_oxxos_binary_upz_2011.png>
Package pdftex.def Info: figs_oxxo_maps/mapa_oxxos_binary_upz_2011.png  used on input line 135.
(pdftex.def)             Requested size: 133.07489pt x 228.60913pt.
<figs_oxxo_maps/mapa_oxxos_binary_upz_2015.png, id=238, 208.6194pt x 360.8682pt>
File: figs_oxxo_maps/mapa_oxxos_binary_upz_2015.png Graphic file (type png)
<use figs_oxxo_maps/mapa_oxxos_binary_upz_2015.png>
Package pdftex.def Info: figs_oxxo_maps/mapa_oxxos_binary_upz_2015.png  used on input line 141.
(pdftex.def)             Requested size: 133.07489pt x 230.20047pt.
<figs_oxxo_maps/mapa_oxxos_binary_upz_2019.png, id=239, 209.583pt x 358.4592pt>
File: figs_oxxo_maps/mapa_oxxos_binary_upz_2019.png Graphic file (type png)
<use figs_oxxo_maps/mapa_oxxos_binary_upz_2019.png>
Package pdftex.def Info: figs_oxxo_maps/mapa_oxxos_binary_upz_2019.png  used on input line 150.
(pdftex.def)             Requested size: 133.07489pt x 227.60811pt.
<figs_oxxo_maps/mapa_oxxos_binary_upz_2023.png, id=240, 208.8603pt x 358.941pt>
File: figs_oxxo_maps/mapa_oxxos_binary_upz_2023.png Graphic file (type png)
<use figs_oxxo_maps/mapa_oxxos_binary_upz_2023.png>
Package pdftex.def Info: figs_oxxo_maps/mapa_oxxos_binary_upz_2023.png  used on input line 156.
(pdftex.def)             Requested size: 133.07489pt x 228.69725pt.
<figs_oxxo_maps/mapa_oxxos_binary_upz_2025.png, id=241, 210.3057pt x 359.1819pt>
File: figs_oxxo_maps/mapa_oxxos_binary_upz_2025.png Graphic file (type png)
<use figs_oxxo_maps/mapa_oxxos_binary_upz_2025.png>
Package pdftex.def Info: figs_oxxo_maps/mapa_oxxos_binary_upz_2025.png  used on input line 162.
(pdftex.def)             Requested size: 133.07489pt x 227.28326pt.
<figs_oxxo_maps/legend.png, id=242, 196.8153pt x 21.9219pt>
File: figs_oxxo_maps/legend.png Graphic file (type png)
<use figs_oxxo_maps/legend.png>
Package pdftex.def Info: figs_oxxo_maps/legend.png  used on input line 170.
(pdftex.def)             Requested size: 133.07489pt x 14.82239pt.
<figs_oxxo_maps/mapa_oxxos_transmilenio_vias.png, id=243, 578.16pt x 433.62pt>
File: figs_oxxo_maps/mapa_oxxos_transmilenio_vias.png Graphic file (type png)
<use figs_oxxo_maps/mapa_oxxos_transmilenio_vias.png>
Package pdftex.def Info: figs_oxxo_maps/mapa_oxxos_transmilenio_vias.png  used on input line 181.
(pdftex.def)             Requested size: 399.21791pt x 299.40985pt.


[6]

[7 <./figs_oxxo_maps/mapa_oxxos_binary_upz_2009.png> <./figs_oxxo_maps/mapa_oxxos_binary_upz_2011.png> <./figs_oxxo_maps/mapa_oxxos_binary_upz_2015.png> <./figs_oxxo_maps/mapa_oxxos_binary_upz_2019.png> <./figs_oxxo_maps/mapa_oxxos_binary_upz_2023.png> <./figs_oxxo_maps/mapa_oxxos_binary_upz_2025.png> <./figs_oxxo_maps/legend.png>]
Overfull \hbox (6.33122pt too wide) in paragraph at lines 189--190
[]\T1/cmr/m/n/12 The con-cern about en-doge-nous OXXO place-ment, how-ever, may be mit-i-gated through
 []


Underfull \hbox (badness 10000) in paragraph at lines 193--194

 []



[8 <./figs_oxxo_maps/mapa_oxxos_transmilenio_vias.png>]
Underfull \hbox (badness 10000) in paragraph at lines 195--196

 []


Underfull \hbox (badness 10000) in paragraph at lines 197--198

 []

<figs_dep_maps/mapa_upz_gpkg_all_years_2015_theft_to_people_index_eb_edited.png, id=284, 237.5274pt x 415.0707pt>
File: figs_dep_maps/mapa_upz_gpkg_all_years_2015_theft_to_people_index_eb_edited.png Graphic file (type png)
<use figs_dep_maps/mapa_upz_gpkg_all_years_2015_theft_to_people_index_eb_edited.png>
Package pdftex.def Info: figs_dep_maps/mapa_upz_gpkg_all_years_2015_theft_to_people_index_eb_edited.png  used on input line 203.
(pdftex.def)             Requested size: 133.07489pt x 232.552pt.
<figs_dep_maps/mapa_upz_gpkg_all_years_2016_theft_to_people_index_eb_edited.png, id=285, 225.0006pt x 402.7848pt>
File: figs_dep_maps/mapa_upz_gpkg_all_years_2016_theft_to_people_index_eb_edited.png Graphic file (type png)
<use figs_dep_maps/mapa_upz_gpkg_all_years_2016_theft_to_people_index_eb_edited.png>
Package pdftex.def Info: figs_dep_maps/mapa_upz_gpkg_all_years_2016_theft_to_people_index_eb_edited.png  used on input line 209.
(pdftex.def)             Requested size: 133.07489pt x 238.21869pt.
<figs_dep_maps/mapa_upz_gpkg_all_years_2017_theft_to_people_index_eb_edited.png, id=286, 244.5135pt x 401.5803pt>
File: figs_dep_maps/mapa_upz_gpkg_all_years_2017_theft_to_people_index_eb_edited.png Graphic file (type png)
<use figs_dep_maps/mapa_upz_gpkg_all_years_2017_theft_to_people_index_eb_edited.png>
Package pdftex.def Info: figs_dep_maps/mapa_upz_gpkg_all_years_2017_theft_to_people_index_eb_edited.png  used on input line 218.
(pdftex.def)             Requested size: 133.07489pt x 218.56586pt.
<figs_dep_maps/mapa_upz_gpkg_all_years_2018_theft_to_people_index_eb_edited.png, id=287, 222.8325pt x 399.894pt>
File: figs_dep_maps/mapa_upz_gpkg_all_years_2018_theft_to_people_index_eb_edited.png Graphic file (type png)
<use figs_dep_maps/mapa_upz_gpkg_all_years_2018_theft_to_people_index_eb_edited.png>
Package pdftex.def Info: figs_dep_maps/mapa_upz_gpkg_all_years_2018_theft_to_people_index_eb_edited.png  used on input line 224.
(pdftex.def)             Requested size: 133.07489pt x 238.81549pt.


[9]

[10 <./figs_dep_maps/mapa_upz_gpkg_all_years_2015_theft_to_people_index_eb_edited.png> <./figs_dep_maps/mapa_upz_gpkg_all_years_2016_theft_to_people_index_eb_edited.png> <./figs_dep_maps/mapa_upz_gpkg_all_years_2017_theft_to_people_index_eb_edited.png> <./figs_dep_maps/mapa_upz_gpkg_all_years_2018_theft_to_people_index_eb_edited.png>]
Underfull \hbox (badness 10000) in paragraph at lines 243--244

 []


Underfull \hbox (badness 10000) in paragraph at lines 245--246

 []



[11]
Underfull \hbox (badness 10000) in paragraph at lines 247--248

 []


Underfull \hbox (badness 10000) in paragraph at lines 249--250

 []


Underfull \hbox (badness 10000) in paragraph at lines 251--252

 []



[12]
Underfull \hbox (badness 10000) in paragraph at lines 253--254

 []


Underfull \hbox (badness 10000) in paragraph at lines 255--256

 []


Underfull \hbox (badness 10000) in paragraph at lines 262--263

 []



[13]
Underfull \hbox (badness 7649) in paragraph at lines 264--264
[][][]\T1/cmr/m/n/10 Access at [][]$https : / / oaiee . scj . gov . co / agc / rest / services / Tematicos _ Pub / SIEDCO _ Delitos _ Pub /
 []


Underfull \hbox (badness 10000) in paragraph at lines 271--272

 []



[14]
Underfull \hbox (badness 10000) in paragraph at lines 275--276

 []


Underfull \hbox (badness 10000) in paragraph at lines 277--278

 []


Underfull \hbox (badness 10000) in paragraph at lines 279--280

 []



[15]
Underfull \hbox (badness 10000) in paragraph at lines 286--287

 []


Underfull \hbox (badness 10000) in paragraph at lines 318--319

 []



[16]
Underfull \hbox (badness 10000) in paragraph at lines 320--321

 []

<other_figs/oxxos_intensidad_tratamiento_noalwaystreated.png, id=400, 576.4737pt x 409.53pt>
File: other_figs/oxxos_intensidad_tratamiento_noalwaystreated.png Graphic file (type png)
<use other_figs/oxxos_intensidad_tratamiento_noalwaystreated.png>
Package pdftex.def Info: other_figs/oxxos_intensidad_tratamiento_noalwaystreated.png  used on input line 324.
(pdftex.def)             Requested size: 399.21791pt x 283.60707pt.
<dif_meds/diff_means_theft_to_people_index.png, id=401, 718.6047pt x 387.849pt>
File: dif_meds/diff_means_theft_to_people_index.png Graphic file (type png)
<use dif_meds/diff_means_theft_to_people_index.png>
Package pdftex.def Info: dif_meds/diff_means_theft_to_people_index.png  used on input line 338.
(pdftex.def)             Requested size: 354.86412pt x 191.52719pt.

Underfull \hbox (badness 10000) in paragraph at lines 349--350

 []



[17 <./dif_meds/diff_means_theft_to_people_index.png>]

[18 <./other_figs/oxxos_intensidad_tratamiento_noalwaystreated.png>]
Underfull \hbox (badness 10000) in paragraph at lines 351--352

 []


Underfull \hbox (badness 10000) in paragraph at lines 353--354

 []

<dif_meds/diff_means_homicide_index.png, id=425, 719.3274pt x 382.5492pt>
File: dif_meds/diff_means_homicide_index.png Graphic file (type png)
<use dif_meds/diff_means_homicide_index.png>
Package pdftex.def Info: dif_meds/diff_means_homicide_index.png  used on input line 361.
(pdftex.def)             Requested size: 354.86412pt x 188.72325pt.
<dif_meds/diff_means_sexual_index.png, id=426, 717.1593pt x 400.8576pt>
File: dif_meds/diff_means_sexual_index.png Graphic file (type png)
<use dif_meds/diff_means_sexual_index.png>
Package pdftex.def Info: dif_meds/diff_means_sexual_index.png  used on input line 371.
(pdftex.def)             Requested size: 354.86412pt x 198.34866pt.


[19]
<dif_meds/diff_means_theft_to_motorbike_index.png, id=436, 713.5458pt x 385.6809pt>
File: dif_meds/diff_means_theft_to_motorbike_index.png Graphic file (type png)
<use dif_meds/diff_means_theft_to_motorbike_index.png>
Package pdftex.def Info: dif_meds/diff_means_theft_to_motorbike_index.png  used on input line 387.
(pdftex.def)             Requested size: 354.86412pt x 191.81009pt.
<dif_meds/diff_means_theft_to_vehicle_index.png, id=437, 721.9773pt x 393.6306pt>
File: dif_meds/diff_means_theft_to_vehicle_index.png Graphic file (type png)
<use dif_meds/diff_means_theft_to_vehicle_index.png>
Package pdftex.def Info: dif_meds/diff_means_theft_to_vehicle_index.png  used on input line 395.
(pdftex.def)             Requested size: 354.86412pt x 193.4753pt.


[20 <./dif_meds/diff_means_homicide_index.png> <./dif_meds/diff_means_sexual_index.png>]
Underfull \hbox (badness 10000) in paragraph at lines 406--407

 []



[21 <./dif_meds/diff_means_theft_to_motorbike_index.png> <./dif_meds/diff_means_theft_to_vehicle_index.png>]

[22]
Underfull \hbox (badness 10000) in paragraph at lines 456--457

 []


Underfull \hbox (badness 10000) in paragraph at lines 463--464

 []


Underfull \hbox (badness 10000) in paragraph at lines 465--466

 []



[23]
Underfull \hbox (badness 10000) in paragraph at lines 478--479

 []



[24]
Underfull \hbox (badness 10000) in paragraph at lines 497--498

 []


Underfull \hbox (badness 10000) in paragraph at lines 504--505

 []



[25]
Underfull \hbox (badness 10000) in paragraph at lines 506--507

 []


Underfull \hbox (badness 10000) in paragraph at lines 508--509

 []


Underfull \hbox (badness 10000) in paragraph at lines 548--549

 []



[26]
<events_study/FE/simple/events_study_lindo_SimpleFE_0_theft_to_people_index_eb.png, id=507, 552.6246pt x 385.44pt>
File: events_study/FE/simple/events_study_lindo_SimpleFE_0_theft_to_people_index_eb.png Graphic file (type png)
<use events_study/FE/simple/events_study_lindo_SimpleFE_0_theft_to_people_index_eb.png>
Package pdftex.def Info: events_study/FE/simple/events_study_lindo_SimpleFE_0_theft_to_people_index_eb.png  used on input line 554.
(pdftex.def)             Requested size: 217.35588pt x 151.60312pt.
<events_study/FE/simple/events_study_lindo_SimpleFE_0_sexual_index_eb.png, id=508, 551.661pt x 384.2355pt>
File: events_study/FE/simple/events_study_lindo_SimpleFE_0_sexual_index_eb.png Graphic file (type png)
<use events_study/FE/simple/events_study_lindo_SimpleFE_0_sexual_index_eb.png>
Package pdftex.def Info: events_study/FE/simple/events_study_lindo_SimpleFE_0_sexual_index_eb.png  used on input line 560.
(pdftex.def)             Requested size: 217.35588pt x 151.38733pt.
<events_study/FE/simple/events_study_lindo_SimpleFE_0_homicide_index_eb.png, id=509, 553.5882pt x 386.4036pt>
File: events_study/FE/simple/events_study_lindo_SimpleFE_0_homicide_index_eb.png Graphic file (type png)
<use events_study/FE/simple/events_study_lindo_SimpleFE_0_homicide_index_eb.png>
Package pdftex.def Info: events_study/FE/simple/events_study_lindo_SimpleFE_0_homicide_index_eb.png  used on input line 569.
(pdftex.def)             Requested size: 217.35588pt x 151.7109pt.
<events_study/FE/simple/events_study_lindo_SimpleFE_0_theft_to_motorbike_index_eb.png, id=510, 557.4426pt x 384.4764pt>
File: events_study/FE/simple/events_study_lindo_SimpleFE_0_theft_to_motorbike_index_eb.png Graphic file (type png)
<use events_study/FE/simple/events_study_lindo_SimpleFE_0_theft_to_motorbike_index_eb.png>
Package pdftex.def Info: events_study/FE/simple/events_study_lindo_SimpleFE_0_theft_to_motorbike_index_eb.png  used on input line 575.
(pdftex.def)             Requested size: 217.35588pt x 149.90999pt.
<events_study/FE/simple/events_study_lindo_SimpleFE_0_theft_to_vehicle_index_eb.png, id=511, 575.751pt x 390.9807pt>
File: events_study/FE/simple/events_study_lindo_SimpleFE_0_theft_to_vehicle_index_eb.png Graphic file (type png)
<use events_study/FE/simple/events_study_lindo_SimpleFE_0_theft_to_vehicle_index_eb.png>
Package pdftex.def Info: events_study/FE/simple/events_study_lindo_SimpleFE_0_theft_to_vehicle_index_eb.png  used on input line 584.
(pdftex.def)             Requested size: 217.35588pt x 147.60176pt.

Underfull \hbox (badness 10000) in paragraph at lines 598--599

 []


Underfull \hbox (badness 10000) in paragraph at lines 600--601

 []



[27]

[28 <./events_study/FE/simple/events_study_lindo_SimpleFE_0_theft_to_people_index_eb.png> <./events_study/FE/simple/events_study_lindo_SimpleFE_0_sexual_index_eb.png> <./events_study/FE/simple/events_study_lindo_SimpleFE_0_homicide_index_eb.png> <./events_study/FE/simple/events_study_lindo_SimpleFE_0_theft_to_motorbike_index_eb.png> <./events_study/FE/simple/events_study_lindo_SimpleFE_0_theft_to_vehicle_index_eb.png>]

[29]
Underfull \hbox (badness 10000) in paragraph at lines 635--636

 []

<events_study/all/simple/noAlwaysTreated/people.png, id=531, 629.2308pt x 385.44pt>
File: events_study/all/simple/noAlwaysTreated/people.png Graphic file (type png)
<use events_study/all/simple/noAlwaysTreated/people.png>
Package pdftex.def Info: events_study/all/simple/noAlwaysTreated/people.png  used on input line 641.
(pdftex.def)             Requested size: 217.35588pt x 133.14162pt.
<events_study/all/simple/noAlwaysTreated/sexual.png, id=532, 628.0263pt x 381.8265pt>
File: events_study/all/simple/noAlwaysTreated/sexual.png Graphic file (type png)
<use events_study/all/simple/noAlwaysTreated/sexual.png>
Package pdftex.def Info: events_study/all/simple/noAlwaysTreated/sexual.png  used on input line 647.
(pdftex.def)             Requested size: 217.35588pt x 132.14394pt.
<events_study/all/simple/noAlwaysTreated/homicide.png, id=533, 625.6173pt x 381.3447pt>
File: events_study/all/simple/noAlwaysTreated/homicide.png Graphic file (type png)
<use events_study/all/simple/noAlwaysTreated/homicide.png>
Package pdftex.def Info: events_study/all/simple/noAlwaysTreated/homicide.png  used on input line 656.
(pdftex.def)             Requested size: 217.35588pt x 132.48924pt.
<events_study/all/simple/noAlwaysTreated/motorbike.png, id=534, 628.5081pt x 382.5492pt>
File: events_study/all/simple/noAlwaysTreated/motorbike.png Graphic file (type png)
<use events_study/all/simple/noAlwaysTreated/motorbike.png>
Package pdftex.def Info: events_study/all/simple/noAlwaysTreated/motorbike.png  used on input line 662.
(pdftex.def)             Requested size: 217.35588pt x 132.29482pt.
<events_study/all/simple/noAlwaysTreated/vehicle.png, id=535, 627.3036pt x 380.622pt>
File: events_study/all/simple/noAlwaysTreated/vehicle.png Graphic file (type png)
<use events_study/all/simple/noAlwaysTreated/vehicle.png>
Package pdftex.def Info: events_study/all/simple/noAlwaysTreated/vehicle.png  used on input line 671.
(pdftex.def)             Requested size: 217.35588pt x 131.87808pt.

Underfull \hbox (badness 10000) in paragraph at lines 687--688

 []


Underfull \hbox (badness 10000) in paragraph at lines 689--690

 []


Overfull \hbox (1.91957pt too wide) in paragraph at lines 716--716
 []|\T1/cmr/m/n/10.95 Motorcycle 
 []



[30


]

[31 <./events_study/all/simple/noAlwaysTreated/people.png> <./events_study/all/simple/noAlwaysTreated/sexual.png> <./events_study/all/simple/noAlwaysTreated/homicide.png> <./events_study/all/simple/noAlwaysTreated/motorbike.png> <./events_study/all/simple/noAlwaysTreated/vehicle.png>]

[32]
Underfull \hbox (badness 10000) in paragraph at lines 738--739

 []


Underfull \hbox (badness 10000) in paragraph at lines 745--746

 []



[33]
Underfull \hbox (badness 10000) in paragraph at lines 747--748

 []


LaTeX Warning: Reference ` tab:resultados_regresion_area' on page 34 undefined on input line 749.


Underfull \hbox (badness 10000) in paragraph at lines 749--750

 []



[34]
Underfull \hbox (badness 10000) in paragraph at lines 751--752

 []

<robustnessNOAlwaysTreated/people.png, id=585, 628.0263pt x 381.3447pt>
File: robustnessNOAlwaysTreated/people.png Graphic file (type png)
<use robustnessNOAlwaysTreated/people.png>
Package pdftex.def Info: robustnessNOAlwaysTreated/people.png  used on input line 757.
(pdftex.def)             Requested size: 217.35588pt x 131.97719pt.
<robustnessNOAlwaysTreated/sexual.png, id=586, 626.8218pt x 378.213pt>
File: robustnessNOAlwaysTreated/sexual.png Graphic file (type png)
<use robustnessNOAlwaysTreated/sexual.png>
Package pdftex.def Info: robustnessNOAlwaysTreated/sexual.png  used on input line 763.
(pdftex.def)             Requested size: 217.35588pt x 131.1473pt.
<robustnessNOAlwaysTreated/homicide.png, id=587, 625.8582pt x 385.6809pt>
File: robustnessNOAlwaysTreated/homicide.png Graphic file (type png)
<use robustnessNOAlwaysTreated/homicide.png>
Package pdftex.def Info: robustnessNOAlwaysTreated/homicide.png  used on input line 772.
(pdftex.def)             Requested size: 217.35588pt x 133.9428pt.
<robustnessNOAlwaysTreated/motorbike.png, id=588, 628.5081pt x 381.1038pt>
File: robustnessNOAlwaysTreated/motorbike.png Graphic file (type png)
<use robustnessNOAlwaysTreated/motorbike.png>
Package pdftex.def Info: robustnessNOAlwaysTreated/motorbike.png  used on input line 778.
(pdftex.def)             Requested size: 217.35588pt x 131.79497pt.
<robustnessNOAlwaysTreated/vehicle.png, id=589, 628.9899pt x 381.5856pt>
File: robustnessNOAlwaysTreated/vehicle.png Graphic file (type png)
<use robustnessNOAlwaysTreated/vehicle.png>
Package pdftex.def Info: robustnessNOAlwaysTreated/vehicle.png  used on input line 787.
(pdftex.def)             Requested size: 217.35588pt x 131.8626pt.
Excluding 'comment' comment.
Underfull \hbox (badness 10000) in paragraph at lines 918--919

 []


Underfull \hbox (badness 10000) in paragraph at lines 920--921

 []



[35]

[36 <./robustnessNOAlwaysTreated/people.png> <./robustnessNOAlwaysTreated/sexual.png> <./robustnessNOAlwaysTreated/homicide.png> <./robustnessNOAlwaysTreated/motorbike.png> <./robustnessNOAlwaysTreated/vehicle.png>]

[37]

[38]
Underfull \hbox (badness 10000) in paragraph at lines 922--923

 []


Underfull \hbox (badness 10000) in paragraph at lines 924--925

 []



[39




]
Underfull \hbox (badness 10000) in paragraph at lines 931--932

 []



[40]
Underfull \hbox (badness 10000) in paragraph at lines 933--934

 []


Underfull \hbox (badness 10000) in paragraph at lines 935--936

 []



[41]

[42]

[43]

[44]

[45]

[46]
Overfull \hbox (19.71925pt too wide) in paragraph at lines 942--942
\T1/cmr/m/it/12 de Bo-gotá 2022 \T1/cmr/m/n/12 (Re-port) (Ac-cessed: 2026-07-22). Sec-re-taría de De-sar-rollo Económico
 []



[47]
Overfull \hbox (26.42441pt too wide) in paragraph at lines 942--942
\T1/cmr/m/it/12 Ur-ban Af-fairs Re-view\T1/cmr/m/n/12 , \T1/cmr/m/it/12 60\T1/cmr/m/n/12 (5), 1540^^U1576. [][]$https : / / doi . org / 10 . 1177 / 10780874241226875$[][] 
 []



[48]

[49]
Overfull \hbox (0.51965pt too wide) in alignment at lines 953--960
 [] [] [] 
 []


Overfull \hbox (0.51965pt too wide) in alignment at lines 960--966
 [] [] [] 
 []


Overfull \hbox (0.51965pt too wide) in alignment at lines 966--969
 [] [] [] 
 []


Overfull \hbox (0.51965pt too wide) in alignment at lines 969--972
 [] [] [] 
 []


Underfull \hbox (badness 10000) in paragraph at lines 976--976
[]|\T1/cmr/m/n/12 personal theft
 []


Underfull \hbox (badness 10000) in paragraph at lines 978--978
[]|\T1/cmr/m/n/12 Sexual vi-o-lence
 []


Underfull \hbox (badness 2050) in paragraph at lines 980--980
[]|\T1/cmr/m/n/12 Theft of Ve-hi-cles
 []


Underfull \hbox (badness 2088) in paragraph at lines 985--986
[]|\T1/cmr/m/n/12 RUES and Google Maps
 []


Underfull \hbox (badness 2088) in paragraph at lines 990--991
[]|\T1/cmr/m/n/12 RUES and Google Maps
 []


Underfull \hbox (badness 2088) in paragraph at lines 991--992
[]|\T1/cmr/m/n/12 RUES and Google Maps
 []


Underfull \hbox (badness 10000) in paragraph at lines 997--997
[]|\T1/cmr/m/n/12 Household size
 []


Underfull \hbox (badness 1259) in paragraph at lines 997--997
\T1/cmr/m/n/12 house-hold in each Lo-cal-ity in
 []


Underfull \hbox (badness 10000) in paragraph at lines 999--999
[]|\T1/cmr/m/n/12 Log of Av-er-age
 []


Underfull \hbox (badness 5667) in paragraph at lines 999--999
\T1/cmr/m/n/12 monthly ex-pen-di-
 []


Underfull \hbox (badness 6284) in paragraph at lines 1004--1004
[]|\T1/cmr/m/n/12 Average so-cioe-co-
 []


Underfull \hbox (badness 10000) in paragraph at lines 1004--1004
\T1/cmr/m/n/12 nomic clas-si-fi-ca-
 []


Underfull \hbox (badness 1845) in paragraph at lines 1005--1005
[]|\T1/cmr/m/n/12 Nearby trans-mile-
 []


Underfull \hbox (badness 1097) in paragraph at lines 1006--1006
[]|\T1/cmr/m/n/12 Access to ar-te-rial
 []


Underfull \hbox (badness 10000) in paragraph at lines 1011--1012
[]|\T1/cmr/m/n/12 Datos abier-tos Bo-gota,
 []


Underfull \hbox (badness 10000) in paragraph at lines 1011--1012
\T1/cmr/m/n/12 Sec-re-taría Dis-tri-tal de
 []


Overfull \hbox (0.51965pt too wide) in alignment at lines 972--1013
 [] [] [] 
 []

[50]

[51]
<events_study/all/simple/rawData/events_study_comparado_simple_0_theft_to_people_index_eb.png, id=796, 627.7854pt x 383.7537pt>
File: events_study/all/simple/rawData/events_study_comparado_simple_0_theft_to_people_index_eb.png Graphic file (type png)
<use events_study/all/simple/rawData/events_study_comparado_simple_0_theft_to_people_index_eb.png>
Package pdftex.def Info: events_study/all/simple/rawData/events_study_comparado_simple_0_theft_to_people_index_eb.png  used on input line 1092.
(pdftex.def)             Requested size: 217.35588pt x 132.8636pt.
<events_study/all/simple/rawData/events_study_comparado_simple_0_sexual_index_eb.png, id=797, 630.4353pt x 388.3308pt>
File: events_study/all/simple/rawData/events_study_comparado_simple_0_sexual_index_eb.png Graphic file (type png)
<use events_study/all/simple/rawData/events_study_comparado_simple_0_sexual_index_eb.png>
Package pdftex.def Info: events_study/all/simple/rawData/events_study_comparado_simple_0_sexual_index_eb.png  used on input line 1098.
(pdftex.def)             Requested size: 217.35588pt x 133.88538pt.
<events_study/all/simple/rawData/events_study_comparado_simple_0_homicide_index_eb.png, id=798, 625.8582pt x 373.1541pt>
File: events_study/all/simple/rawData/events_study_comparado_simple_0_homicide_index_eb.png Graphic file (type png)
<use events_study/all/simple/rawData/events_study_comparado_simple_0_homicide_index_eb.png>
Package pdftex.def Info: events_study/all/simple/rawData/events_study_comparado_simple_0_homicide_index_eb.png  used on input line 1107.
(pdftex.def)             Requested size: 217.35588pt x 129.59238pt.
<events_study/all/simple/rawData/events_study_comparado_simple_0_theft_to_motorbike_index_eb.png, id=799, 629.7126pt x 383.031pt>
File: events_study/all/simple/rawData/events_study_comparado_simple_0_theft_to_motorbike_index_eb.png Graphic file (type png)
<use events_study/all/simple/rawData/events_study_comparado_simple_0_theft_to_motorbike_index_eb.png>
Package pdftex.def Info: events_study/all/simple/rawData/events_study_comparado_simple_0_theft_to_motorbike_index_eb.png  used on input line 1113.
(pdftex.def)             Requested size: 217.35588pt x 132.21011pt.
<events_study/all/simple/rawData/events_study_comparado_simple_0_theft_to_vehicle_index_eb.png, id=800, 628.2672pt x 387.1263pt>
File: events_study/all/simple/rawData/events_study_comparado_simple_0_theft_to_vehicle_index_eb.png Graphic file (type png)
<use events_study/all/simple/rawData/events_study_comparado_simple_0_theft_to_vehicle_index_eb.png>
Package pdftex.def Info: events_study/all/simple/rawData/events_study_comparado_simple_0_theft_to_vehicle_index_eb.png  used on input line 1122.
(pdftex.def)             Requested size: 217.35588pt x 133.92494pt.


[52]

[53]
Overfull \hbox (1.91957pt too wide) in paragraph at lines 1159--1159
 []|\T1/cmr/m/n/10.95 Motorcycle 
 []



[54


 <./events_study/all/simple/rawData/events_study_comparado_simple_0_theft_to_people_index_eb.png> <./events_study/all/simple/rawData/events_study_comparado_simple_0_sexual_index_eb.png> <./events_study/all/simple/rawData/events_study_comparado_simple_0_homicide_index_eb.png> <./events_study/all/simple/rawData/events_study_comparado_simple_0_theft_to_motorbike_index_eb.png> <./events_study/all/simple/rawData/events_study_comparado_simple_0_theft_to_vehicle_index_eb.png>]

[55]
<figs_dep_maps/mapa_upz_gpkg_all_years_2015_homicide_index_eb.png, id=824, 225.7233pt x 398.9304pt>
File: figs_dep_maps/mapa_upz_gpkg_all_years_2015_homicide_index_eb.png Graphic file (type png)
<use figs_dep_maps/mapa_upz_gpkg_all_years_2015_homicide_index_eb.png>
Package pdftex.def Info: figs_dep_maps/mapa_upz_gpkg_all_years_2015_homicide_index_eb.png  used on input line 1246.
(pdftex.def)             Requested size: 133.07489pt x 235.19037pt.
<figs_dep_maps/mapa_upz_gpkg_all_years_2017_homicide_index_eb.png, id=825, 223.3143pt x 401.0985pt>
File: figs_dep_maps/mapa_upz_gpkg_all_years_2017_homicide_index_eb.png Graphic file (type png)
<use figs_dep_maps/mapa_upz_gpkg_all_years_2017_homicide_index_eb.png>
Package pdftex.def Info: figs_dep_maps/mapa_upz_gpkg_all_years_2017_homicide_index_eb.png  used on input line 1252.
(pdftex.def)             Requested size: 133.07489pt x 239.01459pt.
<figs_dep_maps/mapa_upz_gpkg_all_years_2019_homicide_index_eb.png, id=826, 225.4824pt x 400.8576pt>
File: figs_dep_maps/mapa_upz_gpkg_all_years_2019_homicide_index_eb.png Graphic file (type png)
<use figs_dep_maps/mapa_upz_gpkg_all_years_2019_homicide_index_eb.png>
Package pdftex.def Info: figs_dep_maps/mapa_upz_gpkg_all_years_2019_homicide_index_eb.png  used on input line 1261.
(pdftex.def)             Requested size: 133.07489pt x 236.58955pt.
<figs_dep_maps/mapa_upz_gpkg_all_years_2021_homicide_index_eb.png, id=827, 222.5916pt x 401.0985pt>
File: figs_dep_maps/mapa_upz_gpkg_all_years_2021_homicide_index_eb.png Graphic file (type png)
<use figs_dep_maps/mapa_upz_gpkg_all_years_2021_homicide_index_eb.png>
Package pdftex.def Info: figs_dep_maps/mapa_upz_gpkg_all_years_2021_homicide_index_eb.png  used on input line 1267.
(pdftex.def)             Requested size: 133.07489pt x 239.80411pt.


[56]
<figs_dep_maps/mapa_upz_gpkg_all_years_2015_sexual_index_eb.png, id=834, 220.1826pt x 397.0032pt>
File: figs_dep_maps/mapa_upz_gpkg_all_years_2015_sexual_index_eb.png Graphic file (type png)
<use figs_dep_maps/mapa_upz_gpkg_all_years_2015_sexual_index_eb.png>
Package pdftex.def Info: figs_dep_maps/mapa_upz_gpkg_all_years_2015_sexual_index_eb.png  used on input line 1280.
(pdftex.def)             Requested size: 133.07489pt x 239.9484pt.
<figs_dep_maps/mapa_upz_gpkg_all_years_2017_sexual_index_eb.png, id=835, 223.7961pt x 402.303pt>
File: figs_dep_maps/mapa_upz_gpkg_all_years_2017_sexual_index_eb.png Graphic file (type png)
<use figs_dep_maps/mapa_upz_gpkg_all_years_2017_sexual_index_eb.png>
Package pdftex.def Info: figs_dep_maps/mapa_upz_gpkg_all_years_2017_sexual_index_eb.png  used on input line 1286.
(pdftex.def)             Requested size: 133.07489pt x 239.22899pt.
<figs_dep_maps/mapa_upz_gpkg_all_years_2019_sexual_index_eb.png, id=836, 224.2779pt x 399.4122pt>
File: figs_dep_maps/mapa_upz_gpkg_all_years_2019_sexual_index_eb.png Graphic file (type png)
<use figs_dep_maps/mapa_upz_gpkg_all_years_2019_sexual_index_eb.png>
Package pdftex.def Info: figs_dep_maps/mapa_upz_gpkg_all_years_2019_sexual_index_eb.png  used on input line 1295.
(pdftex.def)             Requested size: 133.07489pt x 236.99805pt.
<figs_dep_maps/mapa_upz_gpkg_all_years_2021_sexual_index_eb.png, id=837, 220.9053pt x 401.0985pt>
File: figs_dep_maps/mapa_upz_gpkg_all_years_2021_sexual_index_eb.png Graphic file (type png)
<use figs_dep_maps/mapa_upz_gpkg_all_years_2021_sexual_index_eb.png>
Package pdftex.def Info: figs_dep_maps/mapa_upz_gpkg_all_years_2021_sexual_index_eb.png  used on input line 1301.
(pdftex.def)             Requested size: 133.07489pt x 241.63406pt.


[57 <./figs_dep_maps/mapa_upz_gpkg_all_years_2015_homicide_index_eb.png> <./figs_dep_maps/mapa_upz_gpkg_all_years_2017_homicide_index_eb.png> <./figs_dep_maps/mapa_upz_gpkg_all_years_2019_homicide_index_eb.png> <./figs_dep_maps/mapa_upz_gpkg_all_years_2021_homicide_index_eb.png>]
<figs_dep_maps/mapa_upz_gpkg_all_years_2015_theft_to_vehicle_index_eb.png, id=847, 223.7961pt x 399.4122pt>
File: figs_dep_maps/mapa_upz_gpkg_all_years_2015_theft_to_vehicle_index_eb.png Graphic file (type png)
<use figs_dep_maps/mapa_upz_gpkg_all_years_2015_theft_to_vehicle_index_eb.png>
Package pdftex.def Info: figs_dep_maps/mapa_upz_gpkg_all_years_2015_theft_to_vehicle_index_eb.png  used on input line 1314.
(pdftex.def)             Requested size: 133.07489pt x 237.50998pt.
<figs_dep_maps/mapa_upz_gpkg_all_years_2017_theft_to_vehicle_index_eb.png, id=848, 229.0959pt x 400.6167pt>
File: figs_dep_maps/mapa_upz_gpkg_all_years_2017_theft_to_vehicle_index_eb.png Graphic file (type png)
<use figs_dep_maps/mapa_upz_gpkg_all_years_2017_theft_to_vehicle_index_eb.png>
Package pdftex.def Info: figs_dep_maps/mapa_upz_gpkg_all_years_2017_theft_to_vehicle_index_eb.png  used on input line 1320.
(pdftex.def)             Requested size: 133.07489pt x 232.70627pt.
<figs_dep_maps/mapa_upz_gpkg_all_years_2019_theft_to_vehicle_index_eb.png, id=849, 221.3871pt x 401.8212pt>
File: figs_dep_maps/mapa_upz_gpkg_all_years_2019_theft_to_vehicle_index_eb.png Graphic file (type png)
<use figs_dep_maps/mapa_upz_gpkg_all_years_2019_theft_to_vehicle_index_eb.png>
Package pdftex.def Info: figs_dep_maps/mapa_upz_gpkg_all_years_2019_theft_to_vehicle_index_eb.png  used on input line 1329.
(pdftex.def)             Requested size: 133.07489pt x 241.54216pt.
<figs_dep_maps/mapa_upz_gpkg_all_years_2021_theft_to_vehicle_index_eb.png, id=850, 220.4235pt x 399.1713pt>
File: figs_dep_maps/mapa_upz_gpkg_all_years_2021_theft_to_vehicle_index_eb.png Graphic file (type png)
<use figs_dep_maps/mapa_upz_gpkg_all_years_2021_theft_to_vehicle_index_eb.png>
Package pdftex.def Info: figs_dep_maps/mapa_upz_gpkg_all_years_2021_theft_to_vehicle_index_eb.png  used on input line 1335.
(pdftex.def)             Requested size: 133.07489pt x 240.9847pt.


[58 <./figs_dep_maps/mapa_upz_gpkg_all_years_2015_sexual_index_eb.png> <./figs_dep_maps/mapa_upz_gpkg_all_years_2017_sexual_index_eb.png> <./figs_dep_maps/mapa_upz_gpkg_all_years_2019_sexual_index_eb.png> <./figs_dep_maps/mapa_upz_gpkg_all_years_2021_sexual_index_eb.png>]
<figs_dep_maps/mapa_upz_gpkg_all_years_2015_theft_to_motorbike_index_eb.png, id=860, 223.7961pt x 399.894pt>
File: figs_dep_maps/mapa_upz_gpkg_all_years_2015_theft_to_motorbike_index_eb.png Graphic file (type png)
<use figs_dep_maps/mapa_upz_gpkg_all_years_2015_theft_to_motorbike_index_eb.png>
Package pdftex.def Info: figs_dep_maps/mapa_upz_gpkg_all_years_2015_theft_to_motorbike_index_eb.png  used on input line 1348.
(pdftex.def)             Requested size: 133.07489pt x 237.79648pt.
<figs_dep_maps/mapa_upz_gpkg_all_years_2017_theft_to_motorbike_index_eb.png, id=861, 231.9867pt x 399.6531pt>
File: figs_dep_maps/mapa_upz_gpkg_all_years_2017_theft_to_motorbike_index_eb.png Graphic file (type png)
<use figs_dep_maps/mapa_upz_gpkg_all_years_2017_theft_to_motorbike_index_eb.png>
Package pdftex.def Info: figs_dep_maps/mapa_upz_gpkg_all_years_2017_theft_to_motorbike_index_eb.png  used on input line 1354.
(pdftex.def)             Requested size: 133.07489pt x 229.2499pt.
<figs_dep_maps/mapa_upz_gpkg_all_years_2019_theft_to_motorbike_index_eb.png, id=862, 225.9642pt x 400.6167pt>
File: figs_dep_maps/mapa_upz_gpkg_all_years_2019_theft_to_motorbike_index_eb.png Graphic file (type png)
<use figs_dep_maps/mapa_upz_gpkg_all_years_2019_theft_to_motorbike_index_eb.png>
Package pdftex.def Info: figs_dep_maps/mapa_upz_gpkg_all_years_2019_theft_to_motorbike_index_eb.png  used on input line 1363.
(pdftex.def)             Requested size: 133.07489pt x 235.94pt.
<figs_dep_maps/mapa_upz_gpkg_all_years_2021_theft_to_motorbike_index_eb.png, id=863, 219.7008pt x 401.0985pt>
File: figs_dep_maps/mapa_upz_gpkg_all_years_2021_theft_to_motorbike_index_eb.png Graphic file (type png)
<use figs_dep_maps/mapa_upz_gpkg_all_years_2021_theft_to_motorbike_index_eb.png>
Package pdftex.def Info: figs_dep_maps/mapa_upz_gpkg_all_years_2021_theft_to_motorbike_index_eb.png  used on input line 1369.
(pdftex.def)             Requested size: 133.07489pt x 242.96216pt.


[59 <./figs_dep_maps/mapa_upz_gpkg_all_years_2015_theft_to_vehicle_index_eb.png> <./figs_dep_maps/mapa_upz_gpkg_all_years_2017_theft_to_vehicle_index_eb.png> <./figs_dep_maps/mapa_upz_gpkg_all_years_2019_theft_to_vehicle_index_eb.png> <./figs_dep_maps/mapa_upz_gpkg_all_years_2021_theft_to_vehicle_index_eb.png>]

[60 <./figs_dep_maps/mapa_upz_gpkg_all_years_2015_theft_to_motorbike_index_eb.png> <./figs_dep_maps/mapa_upz_gpkg_all_years_2017_theft_to_motorbike_index_eb.png> <./figs_dep_maps/mapa_upz_gpkg_all_years_2019_theft_to_motorbike_index_eb.png> <./figs_dep_maps/mapa_upz_gpkg_all_years_2021_theft_to_motorbike_index_eb.png>]
<events_study/all/multiple/noAlwaysTreated/events_study_comparado_multiple_0_theft_to_people_index_eb.png, id=883, 625.6173pt x 384.9582pt>
File: events_study/all/multiple/noAlwaysTreated/events_study_comparado_multiple_0_theft_to_people_index_eb.png Graphic file (type png)
<use events_study/all/multiple/noAlwaysTreated/events_study_comparado_multiple_0_theft_to_people_index_eb.png>
Package pdftex.def Info: events_study/all/multiple/noAlwaysTreated/events_study_comparado_multiple_0_theft_to_people_index_eb.png  used on input line 1458.
(pdftex.def)             Requested size: 217.35588pt x 133.74467pt.
<events_study/all/multiple/noAlwaysTreated/events_study_comparado_multiple_0_sexual_index_eb.png, id=884, 626.8218pt x 380.1402pt>
File: events_study/all/multiple/noAlwaysTreated/events_study_comparado_multiple_0_sexual_index_eb.png Graphic file (type png)
<use events_study/all/multiple/noAlwaysTreated/events_study_comparado_multiple_0_sexual_index_eb.png>
Package pdftex.def Info: events_study/all/multiple/noAlwaysTreated/events_study_comparado_multiple_0_sexual_index_eb.png  used on input line 1464.
(pdftex.def)             Requested size: 217.35588pt x 131.81555pt.
<events_study/all/multiple/noAlwaysTreated/events_study_comparado_multiple_0_homicide_index_eb.png, id=885, 625.3764pt x 371.7087pt>
File: events_study/all/multiple/noAlwaysTreated/events_study_comparado_multiple_0_homicide_index_eb.png Graphic file (type png)
<use events_study/all/multiple/noAlwaysTreated/events_study_comparado_multiple_0_homicide_index_eb.png>
Package pdftex.def Info: events_study/all/multiple/noAlwaysTreated/events_study_comparado_multiple_0_homicide_index_eb.png  used on input line 1473.
(pdftex.def)             Requested size: 217.35588pt x 129.19249pt.
<events_study/all/multiple/noAlwaysTreated/events_study_comparado_multiple_0_theft_to_motorbike_index_eb.png, id=886, 628.0263pt x 379.8993pt>
File: events_study/all/multiple/noAlwaysTreated/events_study_comparado_multiple_0_theft_to_motorbike_index_eb.png Graphic file (type png)
<use events_study/all/multiple/noAlwaysTreated/events_study_comparado_multiple_0_theft_to_motorbike_index_eb.png>
Package pdftex.def Info: events_study/all/multiple/noAlwaysTreated/events_study_comparado_multiple_0_theft_to_motorbike_index_eb.png  used on input line 1479.
(pdftex.def)             Requested size: 217.35588pt x 131.47697pt.
<events_study/all/multiple/noAlwaysTreated/events_study_comparado_multiple_0_theft_to_vehicle_index_eb.png, id=887, 629.9535pt x 387.3672pt>
File: events_study/all/multiple/noAlwaysTreated/events_study_comparado_multiple_0_theft_to_vehicle_index_eb.png Graphic file (type png)
<use events_study/all/multiple/noAlwaysTreated/events_study_comparado_multiple_0_theft_to_vehicle_index_eb.png>
Package pdftex.def Info: events_study/all/multiple/noAlwaysTreated/events_study_comparado_multiple_0_theft_to_vehicle_index_eb.png  used on input line 1488.
(pdftex.def)             Requested size: 217.35588pt x 133.65364pt.


[61]

[62]
Overfull \hbox (1.91957pt too wide) in paragraph at lines 1525--1525
 []|\T1/cmr/m/n/10.95 Motorcycle 
 []



[63


 <./events_study/all/multiple/noAlwaysTreated/events_study_comparado_multiple_0_theft_to_people_index_eb.png> <./events_study/all/multiple/noAlwaysTreated/events_study_comparado_multiple_0_sexual_index_eb.png> <./events_study/all/multiple/noAlwaysTreated/events_study_comparado_multiple_0_homicide_index_eb.png> <./events_study/all/multiple/noAlwaysTreated/events_study_comparado_multiple_0_theft_to_motorbike_index_eb.png> <./events_study/all/multiple/noAlwaysTreated/events_study_comparado_multiple_0_theft_to_vehicle_index_eb.png>]
<other_figs/Alwaystreatedunits.png, id=903, 500.87125pt x 955.57pt>
File: other_figs/Alwaystreatedunits.png Graphic file (type png)
<use other_figs/Alwaystreatedunits.png>
Package pdftex.def Info: other_figs/Alwaystreatedunits.png  used on input line 1543.
(pdftex.def)             Requested size: 196.32489pt x 374.55588pt.


[64]

[65 <./other_figs/Alwaystreatedunits.png>]
Underfull \hbox (badness 10000) in paragraph at lines 1618--1619

 []

<events_study/all/simple/events_study_comparado_simple_0_theft_to_people_index_eb.png, id=916, 629.7126pt x 383.7537pt>
File: events_study/all/simple/events_study_comparado_simple_0_theft_to_people_index_eb.png Graphic file (type png)
<use events_study/all/simple/events_study_comparado_simple_0_theft_to_people_index_eb.png>
Package pdftex.def Info: events_study/all/simple/events_study_comparado_simple_0_theft_to_people_index_eb.png  used on input line 1624.
(pdftex.def)             Requested size: 217.35588pt x 132.45956pt.
<events_study/all/simple/events_study_comparado_simple_0_sexual_index_eb.png, id=917, 627.7854pt x 385.6809pt>
File: events_study/all/simple/events_study_comparado_simple_0_sexual_index_eb.png Graphic file (type png)
<use events_study/all/simple/events_study_comparado_simple_0_sexual_index_eb.png>
Package pdftex.def Info: events_study/all/simple/events_study_comparado_simple_0_sexual_index_eb.png  used on input line 1630.
(pdftex.def)             Requested size: 217.35588pt x 133.53084pt.
<events_study/all/simple/events_study_comparado_simple_0_homicide_index_eb.png, id=918, 627.5445pt x 378.6948pt>
File: events_study/all/simple/events_study_comparado_simple_0_homicide_index_eb.png Graphic file (type png)
<use events_study/all/simple/events_study_comparado_simple_0_homicide_index_eb.png>
Package pdftex.def Info: events_study/all/simple/events_study_comparado_simple_0_homicide_index_eb.png  used on input line 1639.
(pdftex.def)             Requested size: 217.35588pt x 131.16411pt.
<events_study/all/simple/events_study_comparado_simple_0_theft_to_motorbike_index_eb.png, id=919, 629.4717pt x 382.0674pt>
File: events_study/all/simple/events_study_comparado_simple_0_theft_to_motorbike_index_eb.png Graphic file (type png)
<use events_study/all/simple/events_study_comparado_simple_0_theft_to_motorbike_index_eb.png>
Package pdftex.def Info: events_study/all/simple/events_study_comparado_simple_0_theft_to_motorbike_index_eb.png  used on input line 1645.
(pdftex.def)             Requested size: 217.35588pt x 131.92415pt.
<events_study/all/simple/events_study_comparado_simple_0_theft_to_vehicle_index_eb.png, id=920, 628.2672pt x 382.5492pt>
File: events_study/all/simple/events_study_comparado_simple_0_theft_to_vehicle_index_eb.png Graphic file (type png)
<use events_study/all/simple/events_study_comparado_simple_0_theft_to_vehicle_index_eb.png>
Package pdftex.def Info: events_study/all/simple/events_study_comparado_simple_0_theft_to_vehicle_index_eb.png  used on input line 1654.
(pdftex.def)             Requested size: 217.35588pt x 132.3415pt.


[66]

[67]
Underfull \hbox (badness 10000) in paragraph at lines 1667--1668

 []



[68


 <./events_study/all/simple/events_study_comparado_simple_0_theft_to_people_index_eb.png> <./events_study/all/simple/events_study_comparado_simple_0_sexual_index_eb.png> <./events_study/all/simple/events_study_comparado_simple_0_homicide_index_eb.png> <./events_study/all/simple/events_study_comparado_simple_0_theft_to_motorbike_index_eb.png> <./events_study/all/simple/events_study_comparado_simple_0_theft_to_vehicle_index_eb.png>]
Underfull \hbox (badness 10000) in paragraph at lines 1669--1670

 []


Overfull \hbox (1.91957pt too wide) in paragraph at lines 1697--1697
 []|\T1/cmr/m/n/10.95 Motorcycle 
 []



[69]

[70] (./primera_version.aux)
 ***********
LaTeX2e <2024-11-01> patch level 2
L3 programming layer <2025-01-18>
 ***********


LaTeX Warning: There were undefined references.

Package rerunfilecheck Info: File `primera_version.out' has not changed.
(rerunfilecheck)             Checksum: 550A0123D23AF4585C765F491BC3D81E;3799.
Package logreq Info: Writing requests to 'primera_version.run.xml'.
\openout1 = `primera_version.run.xml'.

 ) 
Here is how much of TeX's memory you used:
 40590 strings out of 473190
 841071 string characters out of 5715801
 1756364 words of memory out of 5000000
 63027 multiletter control sequences out of 15000+600000
 582533 words of font info for 99 fonts, out of 8000000 for 9000
 1141 hyphenation exceptions out of 8191
 98i,12n,105p,1826b,5185s stack positions out of 10000i,1000n,20000p,200000b,200000s
</usr/local/texlive/2025/texmf-dist/fonts/type1/public/amsfonts/cm/cmex10.pfb></usr/local/texlive/2025/texmf-dist/fonts/type1/public/amsfonts/cm/cmmi10.pfb></usr/local/texlive/2025/texmf-dist/fonts/type1/public/amsfonts/cm/cmmi12.pfb></usr/local/texlive/2025/texmf-dist/fonts/type1/public/amsfonts/cm/cmmi6.pfb></usr/local/texlive/2025/texmf-dist/fonts/type1/public/amsfonts/cm/cmmi8.pfb></usr/local/texlive/2025/texmf-dist/fonts/type1/public/amsfonts/cm/cmr10.pfb></usr/local/texlive/2025/texmf-dist/fonts/type1/public/amsfonts/cm/cmr12.pfb></usr/local/texlive/2025/texmf-dist/fonts/type1/public/amsfonts/cm/cmr8.pfb></usr/local/texlive/2025/texmf-dist/fonts/type1/public/amsfonts/cm/cmsy10.pfb></usr/local/texlive/2025/texmf-dist/fonts/type1/public/amsfonts/cm/cmsy7.pfb></usr/local/texlive/2025/texmf-dist/fonts/type1/public/amsfonts/cm/cmsy8.pfb></usr/local/texlive/2025/texmf-dist/fonts/type1/public/amsfonts/symbols/msbm10.pfb></usr/local/texlive/2025/texmf-dist/fonts/type1/public/cm-super/sfbx1095.pfb></usr/local/texlive/2025/texmf-dist/fonts/type1/public/cm-super/sfbx1200.pfb></usr/local/texlive/2025/texmf-dist/fonts/type1/public/cm-super/sfbx1440.pfb></usr/local/texlive/2025/texmf-dist/fonts/type1/public/cm-super/sfbx1728.pfb></usr/local/texlive/2025/texmf-dist/fonts/type1/public/cm-super/sfrm0700.pfb></usr/local/texlive/2025/texmf-dist/fonts/type1/public/cm-super/sfrm0800.pfb></usr/local/texlive/2025/texmf-dist/fonts/type1/public/cm-super/sfrm1000.pfb></usr/local/texlive/2025/texmf-dist/fonts/type1/public/cm-super/sfrm1095.pfb></usr/local/texlive/2025/texmf-dist/fonts/type1/public/cm-super/sfrm1200.pfb></usr/local/texlive/2025/texmf-dist/fonts/type1/public/cm-super/sfrm1440.pfb></usr/local/texlive/2025/texmf-dist/fonts/type1/public/cm-super/sfrm1728.pfb></usr/local/texlive/2025/texmf-dist/fonts/type1/public/cm-super/sfrm2074.pfb></usr/local/texlive/2025/texmf-dist/fonts/type1/public/cm-super/sfti1000.pfb></usr/local/texlive/2025/texmf-dist/fonts/type1/public/cm-super/sfti1200.pfb>
Output written on primera_version.pdf (71 pages, 16325583 bytes).
PDF statistics:
 1112 PDF objects out of 1200 (max. 8388607)
 857 compressed objects within 9 object streams
 205 named destinations out of 1000 (max. 500000)
 655 words of extra memory for PDF output out of 10000 (max. 10000000)

