\BOOKMARK [1][-]{section.1}{\376\377\000I\000n\000t\000r\000o\000d\000u\000c\000t\000i\000o\000n}{}% 1
\BOOKMARK [1][-]{section.2}{\376\377\000B\000a\000c\000k\000g\000r\000o\000u\000n\000d}{}% 2
\BOOKMARK [2][-]{subsection.2.1}{\376\377\000T\000h\000e\000\040\000e\000x\000p\000a\000n\000s\000i\000o\000n\000\040\000o\000f\000\040\000O\000X\000X\000O\000\040\000i\000n\000\040\000B\000o\000g\000o\000t\000\341}{section.2}% 3
\BOOKMARK [2][-]{subsection.2.2}{\376\377\000C\000r\000i\000m\000i\000n\000a\000l\000i\000t\000y\000\040\000i\000n\000\040\000B\000o\000g\000o\000t\000\341}{section.2}% 4
\BOOKMARK [1][-]{section.3}{\376\377\000R\000e\000l\000a\000t\000e\000d\000\040\000L\000i\000t\000e\000r\000a\000t\000u\000r\000e}{}% 5
\BOOKMARK [1][-]{section.4}{\376\377\000D\000a\000t\000a\000\040\000u\000s\000e\000d\000\040\000a\000n\000d\000\040\000u\000n\000i\000t\000\040\000o\000f\000\040\000a\000n\000a\000l\000y\000s\000i\000s}{}% 6
\BOOKMARK [1][-]{section.5}{\376\377\000D\000e\000s\000c\000r\000i\000p\000t\000i\000v\000e\000\040\000S\000t\000a\000t\000i\000s\000t\000i\000c\000s}{}% 7
\BOOKMARK [1][-]{section.6}{\376\377\000E\000m\000p\000i\000r\000i\000c\000a\000l\000\040\000s\000t\000r\000a\000t\000e\000g\000y}{}% 8
\BOOKMARK [1][-]{section.7}{\376\377\000R\000e\000s\000u\000l\000t\000s}{}% 9
\BOOKMARK [1][-]{section.8}{\376\377\000R\000o\000b\000u\000s\000t\000n\000e\000s\000s}{}% 10
\BOOKMARK [2][-]{subsection.8.1}{\376\377\000H\000a\000r\000d\000\040\000d\000i\000s\000c\000o\000u\000n\000t\000\040\000s\000t\000o\000r\000e\000s\000\040\000a\000s\000\040\000c\000o\000n\000t\000r\000o\000l\000\040\000v\000a\000r\000i\000a\000b\000l\000e\000s}{section.8}% 11
\BOOKMARK [2][-]{subsection.8.2}{\376\377\000T\000r\000a\000n\000s\000f\000o\000r\000m\000a\000t\000i\000o\000n\000\040\000o\000f\000\040\000t\000h\000e\000\040\000d\000e\000p\000e\000n\000d\000e\000n\000t\000\040\000v\000a\000r\000i\000a\000b\000l\000e}{section.8}% 12
\BOOKMARK [1][-]{section.9}{\376\377\000D\000i\000s\000c\000u\000s\000s\000i\000o\000n}{}% 13
\BOOKMARK [1][-]{section.10}{\376\377\000C\000o\000n\000c\000l\000u\000s\000i\000o\000n\000s}{}% 14
\BOOKMARK [1][-]{section.11}{\376\377\000A\000p\000p\000e\000n\000d\000i\000x}{}% 15
\BOOKMARK [1][-]{appendix.A}{\376\377\000D\000e\000t\000a\000i\000l\000e\000d\000\040\000d\000e\000s\000c\000r\000i\000p\000t\000i\000o\000n\000\040\000o\000f\000\040\000v\000a\000r\000i\000a\000b\000l\000e\000s}{}% 16
\BOOKMARK [1][-]{appendix.B}{\376\377\000R\000e\000s\000u\000l\000t\000s\000\040\000w\000i\000t\000h\000o\000u\000t\000\040\000s\000m\000o\000o\000t\000h\000e\000d\000\040\000c\000r\000i\000m\000e\000\040\000r\000a\000t\000e\000s}{}% 17
\BOOKMARK [1][-]{appendix.C}{\376\377\000S\000t\000a\000g\000g\000e\000r\000e\000d\000\040\000c\000o\000n\000t\000r\000o\000l\000s\000\040\000o\000f\000\040\000h\000a\000r\000d\000-\000d\000i\000s\000c\000o\000u\000n\000t\000\040\000s\000t\000o\000r\000e\000\040\000c\000h\000a\000i\000n\000s}{}% 18
\BOOKMARK [1][-]{appendix.D}{\376\377\000D\000i\000s\000t\000r\000i\000b\000u\000t\000i\000o\000n\000\040\000o\000f\000\040\000o\000t\000h\000e\000r\000\040\000c\000r\000i\000m\000e\000s\000\040\000i\000n\000\040\000B\000o\000g\000o\000t\000\341\000\040\000o\000v\000e\000r\000\040\000t\000i\000m\000e}{}% 19
\BOOKMARK [1][-]{appendix.E}{\376\377\000R\000e\000s\000u\000l\000t\000s\000\040\000w\000i\000t\000h\000\040\000h\000a\000r\000d\000-\000d\000i\000s\000c\000o\000u\000n\000t\000\040\000s\000t\000o\000r\000e\000s\000\040\000a\000s\000\040\000c\000o\000n\000t\000r\000o\000l\000s}{}% 20
\BOOKMARK [1][-]{appendix.F}{\376\377\000R\000e\000s\000u\000l\000t\000s\000\040\000w\000i\000t\000h\000\040\000a\000l\000w\000a\000y\000s\000\040\000t\000r\000e\000a\000t\000e\000d\000\040\000U\000P\000Z\000s}{}% 21
